******************************************************************************
                  MSP430 Linker PC v20.2.5                     
******************************************************************************
>> Linked Fri Sep 24 23:51:30 2021

OUTPUT FILE NAME:   <G2553_offline_monitor_v1_1.out>
ENTRY POINT SYMBOL: "_c_int00_noargs"  address: 0000ed96


MEMORY CONFIGURATION

         name            origin    length      used     unused   attr    fill
----------------------  --------  ---------  --------  --------  ----  --------
  SFR                   00000000   00000010  00000000  00000010  RWIX
  PERIPHERALS_8BIT      00000010   000000f0  00000000  000000f0  RWIX
  PERIPHERALS_16BIT     00000100   00000100  00000000  00000100  RWIX
  RAM                   00000200   00000200  00000190  00000070  RWIX
  INFOD                 00001000   00000040  00000000  00000040  RWIX
  INFOC                 00001040   00000040  00000000  00000040  RWIX
  INFOB                 00001080   00000040  00000000  00000040  RWIX
  INFOA                 000010c0   00000040  00000000  00000040  RWIX
  FLASH                 0000c000   00003fde  000034a8  00000b36  RWIX
  BSLSIGNATURE          0000ffde   00000002  00000002  00000000  RWIX  ffff 
  INT00                 0000ffe0   00000002  00000002  00000000  RWIX
  INT01                 0000ffe2   00000002  00000000  00000002  RWIX
  INT02                 0000ffe4   00000002  00000002  00000000  RWIX
  INT03                 0000ffe6   00000002  00000002  00000000  RWIX
  INT04                 0000ffe8   00000002  00000000  00000002  RWIX
  INT05                 0000ffea   00000002  00000002  00000000  RWIX
  INT06                 0000ffec   00000002  00000002  00000000  RWIX
  INT07                 0000ffee   00000002  00000002  00000000  RWIX
  INT08                 0000fff0   00000002  00000002  00000000  RWIX
  INT09                 0000fff2   00000002  00000002  00000000  RWIX
  INT10                 0000fff4   00000002  00000002  00000000  RWIX
  INT11                 0000fff6   00000002  00000002  00000000  RWIX
  INT12                 0000fff8   00000002  00000002  00000000  RWIX
  INT13                 0000fffa   00000002  00000002  00000000  RWIX
  INT14                 0000fffc   00000002  00000002  00000000  RWIX
  RESET                 0000fffe   00000002  00000002  00000000  RWIX


SECTION ALLOCATION MAP

 output                                  attributes/
section   page    origin      length       input sections
--------  ----  ----------  ----------   ----------------
.data      0    00000200    000000e0     UNINITIALIZED
                  00000200    00000064     UART.obj (.data:RX_buf)
                  00000264    00000027     Game.obj (.data)
                  0000028b    00000001     --HOLE--
                  0000028c    00000016     Monitor.obj (.data:RX_long_buf)
                  000002a2    0000000e     Event.obj (.data)
                  000002b0    00000007     Event.obj (.data:baud_str)
                  000002b7    00000001     --HOLE--
                  000002b8    00000006     Event.obj (.data:databits_str)
                  000002be    00000005     Game.obj (.data:Game_Score_str)
                  000002c3    00000001     --HOLE--
                  000002c4    00000005     Event.obj (.data:parity_str)
                  000002c9    00000004     Monitor.obj (.data)
                  000002cd    00000001     --HOLE--
                  000002ce    00000004     Event.obj (.data:msb_str)
                  000002d2    00000004     Event.obj (.data:stopbits_str)
                  000002d6    00000002     Battery.obj (.data)
                  000002d8    00000002     Menu_gui.obj (.data)
                  000002da    00000002     Switch.obj (.data)
                  000002dc    00000002     UART.obj (.data)
                  000002de    00000002     Event.obj (.data:rows_str)

.bss       0    000002e0    00000060     UNINITIALIZED
                  000002e0    0000002c     (.common:menu_main)
                  0000030c    0000002c     (.common:menu_monitor_option)
                  00000338    00000008     (.common:ADC_str)

.stack     0    000003b0    00000050     UNINITIALIZED
                  000003b0    00000002     rts430_eabi.lib : boot.c.obj (.stack)
                  000003b2    0000004e     --HOLE--

.text      0    0000c000    00002f78     
                  0000c000    00000736     rts430_eabi.lib : addd.c.obj (.text:__mspabi_addd)
                  0000c736    000002c0     Event.obj (.text:ADC_Mode)
                  0000c9f6    000002c0     rts430_eabi.lib : mpyd.c.obj (.text:__mspabi_mpyd)
                  0000ccb6    0000020c     Game.obj (.text:TimerA0)
                  0000cec2    000001fc     main.obj (.text:main)
                  0000d0be    000001b2     Game.obj (.text:Game_main)
                  0000d270    00000172     rts430_eabi.lib : frcmpyd.c.obj (.text:__TI_frcmpyd)
                  0000d3e2    0000013e     Event.obj (.text:Monitor_Baud)
                  0000d520    00000130     Game.obj (.text:Egg_display)
                  0000d650    00000116     rts430_eabi.lib : _printfi_min.c.obj (.text:_setfield)
                  0000d766    00000114                     : mult64.asm.obj (.text:__mpyll)
                  0000d87a    0000010c     Monitor.obj (.text:Monitor_update)
                  0000d986    00000108     SSD1306_driver.obj (.text:SSD1306_init)
                  0000da8e    000000ec     rts430_eabi.lib : _printfi_min.c.obj (.text:__TI_printfi_minimal)
                  0000db7a    000000ca                     : _printfi_min.c.obj (.text:_pproc_diouxp)
                  0000dc44    000000c4                     : fs_mpy.asm.obj (.text)
                  0000dd08    000000b4                     : cvtdf.c.obj (.text:__mspabi_cvtdf)
                  0000ddbc    000000ac                     : fltlid.c.obj (.text:__mspabi_fltlid)
                  0000de68    00000096     SSD1306_draw.obj (.text:SSD1306_ShowChar)
                  0000defe    0000008a     Event.obj (.text:Monitor_Rec_Option)
                  0000df88    0000008a     rts430_eabi.lib : fltuld.c.obj (.text:__mspabi_fltuld)
                  0000e012    00000084     Event.obj (.text:Monitor_Rows)
                  0000e096    0000007c     rts430_eabi.lib : copy_decompress_lzss.c.obj (.text:decompress:lzss:__TI_decompress_lzss)
                  0000e112    0000007a     Event.obj (.text:Monitor_Parity)
                  0000e18c    00000072     rts430_eabi.lib : fixdli.c.obj (.text:__mspabi_fixdli)
                  0000e1fe    00000070     Menu_gui.obj (.text:M_gui_update_list)
                  0000e26e    00000068     rts430_eabi.lib : fs_toi.asm.obj (.text)
                  0000e2d6    0000005c                     : lsr32.asm.obj (.text:l_lsr_const)
                  0000e332    00000052     Menu_gui.obj (.text:M_gui_update_display)
                  0000e384    00000052     Event.obj (.text:Monitor_Data_Bits)
                  0000e3d6    00000052     Event.obj (.text:Monitor_MSB_first)
                  0000e428    0000004e     Event.obj (.text:Monitor_Stop_Bits)
                  0000e476    0000004c     Menu_gui_driver.obj (.text:M_gui_print_sleep_item)
                  0000e4c2    0000004c     Switch.obj (.text:Switch_scan)
                  0000e50e    0000004c     rts430_eabi.lib : lsr16.asm.obj (.text)
                  0000e55a    0000004a     Menu_gui.obj (.text:M_gui_init)
                  0000e5a4    0000004a     SSD1306_draw.obj (.text:SSD1306_ShowString)
                  0000e5ee    0000004a     rts430_eabi.lib : asr64.c.obj (.text:__mspabi_srall)
                  0000e638    00000048     Menu_gui_driver.obj (.text:M_gui_print_select_item)
                  0000e680    00000046     rts430_eabi.lib : lsr64.c.obj (.text:__mspabi_srlll)
                  0000e6c6    00000044                     : lsl64.c.obj (.text:__mspabi_sllll)
                  0000e70a    00000042     Game.obj (.text:Game_start)
                  0000e74c    00000042     rts430_eabi.lib : autoinit.c.obj (.text:__TI_auto_init_nobinit_nopinit:__TI_auto_init_nobinit_nopinit)
                  0000e78e    00000040     Game.obj (.text:Basket_display)
                  0000e7ce    0000003e     rts430_eabi.lib : lsl32.asm.obj (.text:l_lsl_const)
                  0000e80c    0000003c     Menu_gui_driver.obj (.text:M_gui_print_option)
                  0000e848    0000003c     SSD1306_driver.obj (.text:SSD1306_clear)
                  0000e884    0000003c     SSD1306_driver.obj (.text:SSD1306_port_init)
                  0000e8c0    00000038     rts430_eabi.lib : sprintf.c.obj (.text:sprintf)
                  0000e8f8    00000036     Battery.obj (.text:BAT_volt_display)
                  0000e92e    00000036     Switch.obj (.text:SWP14_Onclick)
                  0000e964    00000036     UART.obj (.text:USCI0RX_ISR)
                  0000e99a    00000034     Battery.obj (.text:BAT_measure_display)
                  0000e9ce    00000034     Battery.obj (.text:BAT_volt_get)
                  0000ea02    00000034     Menu_gui.obj (.text:M_gui_event_start)
                  0000ea36    00000032     Menu_gui_driver.obj (.text:M_gui_print_custom_option)
                  0000ea68    00000032     Switch.obj (.text:SWP13_Onclick)
                  0000ea9a    00000032     UART.obj (.text:Uart_init)
                  0000eacc    0000002c     rts430_eabi.lib : asr16.asm.obj (.text)
                  0000eaf8    0000002c                     : div16s.asm.obj (.text)
                  0000eb24    0000002c                     : lsl16.asm.obj (.text)
                  0000eb50    0000002a     Battery.obj (.text:BAT_charging_display)
                  0000eb7a    0000002a     SSD1306_driver.obj (.text:SSD1306_write_cmd)
                  0000eba4    0000002a     SSD1306_driver.obj (.text:SSD1306_write_data)
                  0000ebce    00000028     ADC10.obj (.text:ADC10_in)
                  0000ebf6    00000028     Menu_gui.obj (.text:M_gui_creat_item)
                  0000ec1e    00000028     SSD1306_driver.obj (.text:SSD1306_set_pos)
                  0000ec46    00000028     rts430_eabi.lib : fixdi.c.obj (.text:__mspabi_fixdi)
                  0000ec6e    00000026     UART.obj (.text:Uart_TX)
                  0000ec94    00000026     rts430_eabi.lib : mult32.asm.obj (.text)
                  0000ecba    00000024                     : fs_utof.asm.obj (.text)
                  0000ecde    00000022                     : mult1632.asm.obj (.text:__mpyul)
                  0000ed00    00000022                     : memccpy.c.obj (.text:memccpy)
                  0000ed22    0000001e     Event.obj (.text:Monitor_Option_Exit)
                  0000ed40    0000001e     rts430_eabi.lib : mult3264.asm.obj (.text:__mpyull)
                  0000ed5e    0000001c     Menu_gui.obj (.text:M_gui_creat_option)
                  0000ed7a    0000001c     Menu_gui.obj (.text:M_gui_event_start_no_clear_display)
                  0000ed96    0000001c     rts430_eabi.lib : boot.c.obj (.text:_c_int00_noargs)
                  0000edb2    0000001a     Menu_gui.obj (.text:M_gui_select_item_next)
                  0000edcc    0000001a     Switch.obj (.text:WDT_ISR)
                  0000ede6    0000001a     rts430_eabi.lib : sprintf.c.obj (.text:_outs)
                  0000ee00    00000016                     : div16u.asm.obj (.text)
                  0000ee16    00000014     ADC10.obj (.text:ADC10_init)
                  0000ee2a    00000014     rts430_eabi.lib : copy_zero_init.c.obj (.text:decompress:ZI:__TI_zero_init_nomemset:__TI_zero_init_nomemset)
                  0000ee3e    00000014                     : memset.c.obj (.text:memset)
                  0000ee52    00000014                     : mult16.asm.obj (.text)
                  0000ee66    00000012     Game.obj (.text:Game_stop)
                  0000ee78    00000012     Menu_gui.obj (.text:M_gui_enter_exit_event)
                  0000ee8a    00000012     Switch.obj (.text:Switch_init)
                  0000ee9c    00000012     rts430_eabi.lib : sprintf.c.obj (.text:_outc)
                  0000eeae    00000012                     : copy_decompress_none.c.obj (.text:decompress:none:__TI_decompress_none)
                  0000eec0    00000012                     : lsr32.asm.obj (.text:l_lsr)
                  0000eed2    00000012                     : memcpy.c.obj (.text:memcpy)
                  0000eee4    00000010     Battery.obj (.text:BAT_measure_init)
                  0000eef4    00000010     rts430_eabi.lib : epilog.asm.obj (.text)
                  0000ef04    0000000e     Menu_gui.obj (.text:M_gui_set_event)
                  0000ef12    0000000e     rts430_eabi.lib : strlen.c.obj (.text:strlen)
                  0000ef20    0000000c                     : fltid.c.obj (.text:__mspabi_fltid)
                  0000ef2c    0000000a     Menu_gui.obj (.text:M_gui_enter_event)
                  0000ef36    0000000a     Menu_gui.obj (.text:M_gui_exit_event)
                  0000ef40    00000008     Menu_gui_driver.obj (.text:M_gui_print_string)
                  0000ef48    00000008     Game.obj (.text:TA0_init)
                  0000ef50    00000008     rts430_eabi.lib : isr_trap.asm.obj (.text:_isr:__TI_ISR_TRAP)
                  0000ef58    00000006     Menu_gui.obj (.text:M_gui_active)
                  0000ef5e    00000006     Menu_gui.obj (.text:M_gui_sleep)
                  0000ef64    00000006     rts430_eabi.lib : fltud.c.obj (.text:__mspabi_fltud)
                  0000ef6a    00000006                     : exit.c.obj (.text:abort)
                  0000ef70    00000004                     : pre_init.c.obj (.text:_system_pre_init)
                  0000ef74    00000002     Menu_gui_driver.obj (.text:M_gui_ERROR)
                  0000ef76    00000002     rts430_eabi.lib : startup.c.obj (.text:_system_post_cinit)

.const     0    0000ef78    000004de     
                  0000ef78    00000228     Font_code.obj (.const:asc2_0806)
                  0000f1a0    000000ba     Event.obj (.const:.string)
                  0000f25a    00000096     main.obj (.const:.string)
                  0000f2f0    00000055     Font_code.obj (.const:BAT_IMG)
                  0000f345    00000001     --HOLE-- [fill = 0]
                  0000f346    00000052     Menu_gui.obj (.const:.string)
                  0000f398    00000048     Game.obj (.const:.string)
                  0000f3e0    0000002c     Menu_gui.obj (.const:$P$T0$1)
                  0000f40c    00000016     Monitor.obj (.const:.string)
                  0000f422    00000014     rts430_eabi.lib : _printfi_min.c.obj (.const:.string)
                  0000f436    0000000c     Font_code.obj (.const:.string:basket_IMG)
                  0000f442    0000000c     Font_code.obj (.const:.string:egg_IMG)
                  0000f44e    00000008     Menu_gui_driver.obj (.const:.string)

.cinit     0    0000f456    00000052     
                  0000f456    0000003f     (.cinit..data.load) [load image, compression = lzss]
                  0000f495    00000001     --HOLE-- [fill = 0]
                  0000f496    00000006     (__TI_handler_table)
                  0000f49c    00000004     (.cinit..bss.load) [load image, compression = zero_init]
                  0000f4a0    00000008     (__TI_cinit_table)

.binit     0    0000c000    00000000     

.init_array 
*          0    0000c000    00000000     UNINITIALIZED

TRAPINT    0    0000ffe0    00000002     
                  0000ffe0    00000002     rts430_eabi.lib : int00.asm.obj (.int00)

PORT1      0    0000ffe4    00000002     
                  0000ffe4    00000002     rts430_eabi.lib : int02.asm.obj (.int02)

PORT2      0    0000ffe6    00000002     
                  0000ffe6    00000002     rts430_eabi.lib : int03.asm.obj (.int03)

ADC10      0    0000ffea    00000002     
                  0000ffea    00000002     rts430_eabi.lib : int05.asm.obj (.int05)

USCIAB0TX 
*          0    0000ffec    00000002     
                  0000ffec    00000002     rts430_eabi.lib : int06.asm.obj (.int06)

USCIAB0RX 
*          0    0000ffee    00000002     
                  0000ffee    00000002     UART.obj (.int07)

TIMER0_A1 
*          0    0000fff0    00000002     
                  0000fff0    00000002     Game.obj (.int08)

TIMER0_A0 
*          0    0000fff2    00000002     
                  0000fff2    00000002     rts430_eabi.lib : int09.asm.obj (.int09)

WDT        0    0000fff4    00000002     
                  0000fff4    00000002     Switch.obj (.int10)

COMPARATORA 
*          0    0000fff6    00000002     
                  0000fff6    00000002     rts430_eabi.lib : int11.asm.obj (.int11)

TIMER1_A1 
*          0    0000fff8    00000002     
                  0000fff8    00000002     rts430_eabi.lib : int12.asm.obj (.int12)

TIMER1_A0 
*          0    0000fffa    00000002     
                  0000fffa    00000002     rts430_eabi.lib : int13.asm.obj (.int13)

NMI        0    0000fffc    00000002     
                  0000fffc    00000002     rts430_eabi.lib : int14.asm.obj (.int14)

.reset     0    0000fffe    00000002     
                  0000fffe    00000002     rts430_eabi.lib : boot.c.obj (.reset)

$fill000   0    0000ffde    00000002     
                  0000ffde    00000002     --HOLE-- [fill = ffff]

MODULE SUMMARY

       Module                       code    ro data   rw data
       ------                       ----    -------   -------
    .\
       main.obj                     508     150       88     
    +--+----------------------------+-------+---------+---------+
       Total:                       508     150       88     
                                                             
    .\src\
       Event.obj                    1686    186       50     
       Game.obj                     1418    74        44     
       Monitor.obj                  268     22        26     
       UART.obj                     142     2         102    
       Switch.obj                   224     2         2      
       Battery.obj                  216     0         2      
       ADC10.obj                    60      0         0      
    +--+----------------------------+-------+---------+---------+
       Total:                       4014    286       226    
                                                             
    .\src\Menu_gui\
       Menu_gui.obj                 506     126       2      
       Menu_gui_driver.obj          268     8         0      
    +--+----------------------------+-------+---------+---------+
       Total:                       774     134       2      
                                                             
    .\src\SSD1306\
       Font_code.obj                0       661       0      
       SSD1306_driver.obj           508     0         0      
       SSD1306_draw.obj             224     0         0      
    +--+----------------------------+-------+---------+---------+
       Total:                       732     661       0      
                                                             
    F:\TI\CCSv1010\ccs\tools\compiler\ti-cgt-msp430_20.2.5.LTS\lib\rts430_eabi.lib
       addd.c.obj                   1846    0         0      
       _printfi_min.c.obj           716     20        0      
       mpyd.c.obj                   704     0         0      
       frcmpyd.c.obj                370     0         0      
       mult64.asm.obj               276     0         0      
       fs_mpy.asm.obj               196     0         0      
       cvtdf.c.obj                  180     0         0      
       fltlid.c.obj                 172     0         0      
       fltuld.c.obj                 138     0         0      
       copy_decompress_lzss.c.obj   124     0         0      
       fixdli.c.obj                 114     0         0      
       lsr32.asm.obj                110     0         0      
       fs_toi.asm.obj               104     0         0      
       sprintf.c.obj                100     0         0      
       lsr16.asm.obj                76      0         0      
       asr64.c.obj                  74      0         0      
       lsr64.c.obj                  70      0         0      
       lsl64.c.obj                  68      0         0      
       autoinit.c.obj               66      0         0      
       lsl32.asm.obj                62      0         0      
       asr16.asm.obj                44      0         0      
       div16s.asm.obj               44      0         0      
       lsl16.asm.obj                44      0         0      
       fixdi.c.obj                  40      0         0      
       mult32.asm.obj               38      0         0      
       fs_utof.asm.obj              36      0         0      
       memccpy.c.obj                34      0         0      
       mult1632.asm.obj             34      0         0      
       boot.c.obj                   28      2         0      
       mult3264.asm.obj             30      0         0      
       div16u.asm.obj               22      0         0      
       copy_zero_init.c.obj         20      0         0      
       memset.c.obj                 20      0         0      
       mult16.asm.obj               20      0         0      
       copy_decompress_none.c.obj   18      0         0      
       memcpy.c.obj                 18      0         0      
       epilog.asm.obj               16      0         0      
       strlen.c.obj                 14      0         0      
       fltid.c.obj                  12      0         0      
       isr_trap.asm.obj             8       0         0      
       exit.c.obj                   6       0         0      
       fltud.c.obj                  6       0         0      
       pre_init.c.obj               4       0         0      
       int00.asm.obj                0       2         0      
       int02.asm.obj                0       2         0      
       int03.asm.obj                0       2         0      
       int05.asm.obj                0       2         0      
       int06.asm.obj                0       2         0      
       int09.asm.obj                0       2         0      
       int11.asm.obj                0       2         0      
       int12.asm.obj                0       2         0      
       int13.asm.obj                0       2         0      
       int14.asm.obj                0       2         0      
       startup.c.obj                2       0         0      
    +--+----------------------------+-------+---------+---------+
       Total:                       6124    42        0      
                                                             
       Stack:                       0       0         80     
       Linker Generated:            0       81        0      
    +--+----------------------------+-------+---------+---------+
       Grand Total:                 12152   1354      396    


LINKER GENERATED COPY TABLES

__TI_cinit_table @ 0000f4a0 records: 2, size/record: 4, table size: 8
	.data: load addr=0000f456, load size=0000003f bytes, run addr=00000200, run size=000000e0 bytes, compression=lzss
	.bss: load addr=0000f49c, load size=00000004 bytes, run addr=000002e0, run size=00000060 bytes, compression=zero_init


LINKER GENERATED HANDLER TABLE

__TI_handler_table @ 0000f496 records: 3, size/record: 2, table size: 6
	index: 0, handler: __TI_zero_init
	index: 1, handler: __TI_decompress_lzss
	index: 2, handler: __TI_decompress_none


GLOBAL SYMBOLS: SORTED ALPHABETICALLY BY Name 

address   name                              
-------   ----                              
0000004a  ADC10AE0                          
000001b0  ADC10CTL0                         
000001b2  ADC10CTL1                         
00000048  ADC10DTC0                         
00000049  ADC10DTC1                         
000001b4  ADC10MEM                          
000001bc  ADC10SA                           
0000ebce  ADC10_in                          
0000ee16  ADC10_init                        
0000c736  ADC_Mode                          
000002a2  ADC_bit                           
000002a8  ADC_multiple                      
00000338  ADC_str                           
000002a4  ADC_volt                          
0000f2f0  BAT_IMG                           
0000eb50  BAT_charging_display              
0000e99a  BAT_measure_display               
0000eee4  BAT_measure_init                  
0000e8f8  BAT_volt_display                  
0000e9ce  BAT_volt_get                      
00000057  BCSCTL1                           
00000058  BCSCTL2                           
00000053  BCSCTL3                           
0000e78e  Basket_display                    
0000ef6a  C$$EXIT                           
00000059  CACTL1                            
0000005a  CACTL2                            
000010fb  CALBC1_12MHZ                      
000010f9  CALBC1_16MHZ                      
000010ff  CALBC1_1MHZ                       
000010fd  CALBC1_8MHZ                       
000010fa  CALDCO_12MHZ                      
000010f8  CALDCO_16MHZ                      
000010fe  CALDCO_1MHZ                       
000010fc  CALDCO_8MHZ                       
0000005b  CAPD                              
0000e70a  Catch_the_egg                     
00000056  DCOCTL                            
0000d520  Egg_display                       
000002d8  Event_layer                       
00000128  FCTL1                             
0000012a  FCTL2                             
0000012c  FCTL3                             
00000268  Game_Score                        
000002be  Game_Score_str                    
0000d0be  Game_main                         
0000e70a  Game_start                        
0000ee66  Game_stop                         
00000000  IE1                               
00000001  IE2                               
00000002  IFG1                              
00000003  IFG2                              
0000ef74  M_gui_ERROR                       
0000ef58  M_gui_active                      
0000e848  M_gui_clear_display               
0000ebf6  M_gui_creat_item                  
0000ed5e  M_gui_creat_option                
0000ef2c  M_gui_enter_event                 
0000ee78  M_gui_enter_exit_event            
0000ea02  M_gui_event_start                 
0000ed7a  M_gui_event_start_no_clear_display
0000ef36  M_gui_exit_event                  
0000e55a  M_gui_init                        
0000ea36  M_gui_print_custom_option         
0000e80c  M_gui_print_option                
0000e638  M_gui_print_select_item           
0000e476  M_gui_print_sleep_item            
0000ef40  M_gui_print_string                
0000edb2  M_gui_select_item_next            
0000ef04  M_gui_set_event                   
0000ef5e  M_gui_sleep                       
0000e332  M_gui_update_display              
0000e1fe  M_gui_update_list                 
0000d3e2  Monitor_Baud                      
0000e384  Monitor_Data_Bits                 
0000e3d6  Monitor_MSB_first                 
0000ed22  Monitor_Option_Exit               
0000e112  Monitor_Parity                    
0000d87a  Monitor_Rec_Mode                  
0000defe  Monitor_Rec_Option                
0000e012  Monitor_Rows                      
0000e428  Monitor_Stop_Bits                 
0000d87a  Monitor_update                    
000002c9  Monitor_x                         
000002ca  Monitor_y                         
000002cb  Monitor_y_limit                   
00000022  P1DIR                             
00000025  P1IE                              
00000024  P1IES                             
00000023  P1IFG                             
00000020  P1IN                              
00000021  P1OUT                             
00000027  P1REN                             
00000026  P1SEL                             
00000041  P1SEL2                            
0000002a  P2DIR                             
0000002d  P2IE                              
0000002c  P2IES                             
0000002b  P2IFG                             
00000028  P2IN                              
00000029  P2OUT                             
0000002f  P2REN                             
0000002e  P2SEL                             
00000042  P2SEL2                            
0000001a  P3DIR                             
00000018  P3IN                              
00000019  P3OUT                             
00000010  P3REN                             
0000001b  P3SEL                             
00000043  P3SEL2                            
00000200  RX_buf                            
000002dc  RX_buf_count                      
0000028c  RX_long_buf                       
000002dd  RX_over                           
0000de68  SSD1306_ShowChar                  
0000e5a4  SSD1306_ShowString                
0000e848  SSD1306_clear                     
0000d986  SSD1306_init                      
0000e884  SSD1306_port_init                 
0000ec1e  SSD1306_set_pos                   
0000eb7a  SSD1306_write_cmd                 
0000eba4  SSD1306_write_data                
0000ea68  SWP13_Onclick                     
0000e92e  SWP14_Onclick                     
0000ee8a  Switch_init                       
0000e4c2  Switch_scan                       
00000172  TA0CCR0                           
00000174  TA0CCR1                           
00000176  TA0CCR2                           
00000162  TA0CCTL0                          
00000164  TA0CCTL1                          
00000166  TA0CCTL2                          
00000160  TA0CTL                            
0000012e  TA0IV                             
00000170  TA0R                              
0000ef48  TA0_init                          
00000192  TA1CCR0                           
00000194  TA1CCR1                           
00000196  TA1CCR2                           
00000182  TA1CCTL0                          
00000184  TA1CCTL1                          
00000186  TA1CCTL2                          
00000180  TA1CTL                            
0000011e  TA1IV                             
00000190  TA1R                              
000010db  TLV_ADC10_1_LEN                   
000010da  TLV_ADC10_1_TAG                   
000010c0  TLV_CHECKSUM                      
000010f7  TLV_DCO_30_LEN                    
000010f6  TLV_DCO_30_TAG                    
0000ccb6  TimerA0                           
0000005d  UCA0ABCTL                         
00000062  UCA0BR0                           
00000063  UCA0BR1                           
00000060  UCA0CTL0                          
00000061  UCA0CTL1                          
0000005f  UCA0IRRCTL                        
0000005e  UCA0IRTCTL                        
00000064  UCA0MCTL                          
00000066  UCA0RXBUF                         
00000065  UCA0STAT                          
00000067  UCA0TXBUF                         
0000006a  UCB0BR0                           
0000006b  UCB0BR1                           
00000068  UCB0CTL0                          
00000069  UCB0CTL1                          
0000006c  UCB0I2CIE                         
00000118  UCB0I2COA                         
0000011a  UCB0I2CSA                         
0000006e  UCB0RXBUF                         
0000006d  UCB0STAT                          
0000006f  UCB0TXBUF                         
0000e964  USCI0RX_ISR                       
0000ec6e  Uart_TX                           
0000ea9a  Uart_init                         
00000120  WDTCTL                            
0000edcc  WDT_ISR                           
00000400  __STACK_END                       
00000050  __STACK_SIZE                      
0000f4a0  __TI_CINIT_Base                   
0000f4a8  __TI_CINIT_Limit                  
0000f496  __TI_Handler_Table_Base           
0000f49c  __TI_Handler_Table_Limit          
0000ef50  __TI_ISR_TRAP                     
0000e74c  __TI_auto_init_nobinit_nopinit    
0000e096  __TI_decompress_lzss              
0000eeae  __TI_decompress_none              
0000d270  __TI_frcmpyd                      
0000ffe0  __TI_int00                        
0000ffe4  __TI_int02                        
0000ffe6  __TI_int03                        
0000ffea  __TI_int05                        
0000ffec  __TI_int06                        
0000ffee  __TI_int07                        
0000fff0  __TI_int08                        
0000fff2  __TI_int09                        
0000fff4  __TI_int10                        
0000fff6  __TI_int11                        
0000fff8  __TI_int12                        
0000fffa  __TI_int13                        
0000fffc  __TI_int14                        
ffffffff  __TI_pprof_out_hndl               
0000da8e  __TI_printfi_minimal              
ffffffff  __TI_prof_data_size               
ffffffff  __TI_prof_data_start              
0000ee2a  __TI_zero_init_nomemset           
ffffffff  __c_args__                        
0000c000  __mspabi_addd                     
0000dd08  __mspabi_cvtdf                    
0000eaf8  __mspabi_divi                     
0000ee00  __mspabi_divu                     
0000ec46  __mspabi_fixdi                    
0000e18c  __mspabi_fixdli                   
0000e26e  __mspabi_fixfi                    
0000ef20  __mspabi_fltid                    
0000ddbc  __mspabi_fltlid                   
0000ef64  __mspabi_fltud                    
0000ecba  __mspabi_fltuf                    
0000df88  __mspabi_fltuld                   
0000ef00  __mspabi_func_epilog_1            
0000eefe  __mspabi_func_epilog_2            
0000eefc  __mspabi_func_epilog_3            
0000eefa  __mspabi_func_epilog_4            
0000eef8  __mspabi_func_epilog_5            
0000eef6  __mspabi_func_epilog_6            
0000eef4  __mspabi_func_epilog_7            
0000c9f6  __mspabi_mpyd                     
0000dc44  __mspabi_mpyf                     
0000ee52  __mspabi_mpyi                     
0000ee52  __mspabi_mpyi_sw                  
0000ec94  __mspabi_mpyl                     
0000ec94  __mspabi_mpyl_sw                  
0000d766  __mspabi_mpyll                    
0000d766  __mspabi_mpyll_sw                 
0000ecde  __mspabi_mpyul                    
0000ecde  __mspabi_mpyul_sw                 
0000ed40  __mspabi_mpyull                   
0000ed40  __mspabi_mpyull_sw                
0000eaf8  __mspabi_remi                     
0000ee00  __mspabi_remu                     
0000eb24  __mspabi_slli                     
0000eb4c  __mspabi_slli_1                   
0000eb3a  __mspabi_slli_10                  
0000eb38  __mspabi_slli_11                  
0000eb36  __mspabi_slli_12                  
0000eb34  __mspabi_slli_13                  
0000eb32  __mspabi_slli_14                  
0000eb30  __mspabi_slli_15                  
0000eb4a  __mspabi_slli_2                   
0000eb48  __mspabi_slli_3                   
0000eb46  __mspabi_slli_4                   
0000eb44  __mspabi_slli_5                   
0000eb42  __mspabi_slli_6                   
0000eb40  __mspabi_slli_7                   
0000eb3e  __mspabi_slli_8                   
0000eb3c  __mspabi_slli_9                   
0000e806  __mspabi_slll_1                   
0000e7e2  __mspabi_slll_10                  
0000e7de  __mspabi_slll_11                  
0000e7da  __mspabi_slll_12                  
0000e7d6  __mspabi_slll_13                  
0000e7d2  __mspabi_slll_14                  
0000e7ce  __mspabi_slll_15                  
0000e802  __mspabi_slll_2                   
0000e7fe  __mspabi_slll_3                   
0000e7fa  __mspabi_slll_4                   
0000e7f6  __mspabi_slll_5                   
0000e7f2  __mspabi_slll_6                   
0000e7ee  __mspabi_slll_7                   
0000e7ea  __mspabi_slll_8                   
0000e7e6  __mspabi_slll_9                   
0000e6c6  __mspabi_sllll                    
0000eacc  __mspabi_srai                     
0000eaf4  __mspabi_srai_1                   
0000eae2  __mspabi_srai_10                  
0000eae0  __mspabi_srai_11                  
0000eade  __mspabi_srai_12                  
0000eadc  __mspabi_srai_13                  
0000eada  __mspabi_srai_14                  
0000ead8  __mspabi_srai_15                  
0000eaf2  __mspabi_srai_2                   
0000eaf0  __mspabi_srai_3                   
0000eaee  __mspabi_srai_4                   
0000eaec  __mspabi_srai_5                   
0000eaea  __mspabi_srai_6                   
0000eae8  __mspabi_srai_7                   
0000eae6  __mspabi_srai_8                   
0000eae4  __mspabi_srai_9                   
0000e5ee  __mspabi_srall                    
0000e50e  __mspabi_srli                     
0000e554  __mspabi_srli_1                   
0000e530  __mspabi_srli_10                  
0000e52c  __mspabi_srli_11                  
0000e528  __mspabi_srli_12                  
0000e524  __mspabi_srli_13                  
0000e520  __mspabi_srli_14                  
0000e51c  __mspabi_srli_15                  
0000e550  __mspabi_srli_2                   
0000e54c  __mspabi_srli_3                   
0000e548  __mspabi_srli_4                   
0000e544  __mspabi_srli_5                   
0000e540  __mspabi_srli_6                   
0000e53c  __mspabi_srli_7                   
0000e538  __mspabi_srli_8                   
0000e534  __mspabi_srli_9                   
0000eec0  __mspabi_srll                     
0000e32a  __mspabi_srll_1                   
0000e2f4  __mspabi_srll_10                  
0000e2ee  __mspabi_srll_11                  
0000e2e8  __mspabi_srll_12                  
0000e2e2  __mspabi_srll_13                  
0000e2dc  __mspabi_srll_14                  
0000e2d6  __mspabi_srll_15                  
0000e324  __mspabi_srll_2                   
0000e31e  __mspabi_srll_3                   
0000e318  __mspabi_srll_4                   
0000e312  __mspabi_srll_5                   
0000e30c  __mspabi_srll_6                   
0000e306  __mspabi_srll_7                   
0000e300  __mspabi_srll_8                   
0000e2fa  __mspabi_srll_9                   
0000e680  __mspabi_srlll                    
0000ed96  _c_int00_noargs                   
0000fffe  _reset_vector                     
000003b0  _stack                            
0000ef76  _system_post_cinit                
0000ef70  _system_pre_init                  
0000ef6a  abort                             
0000ef78  asc2_0806                         
0000f436  basket_IMG                        
00000275  basket_dir                        
00000280  basket_move_count                 
0000027a  basket_speed                      
00000270  basket_x                          
00000272  basket_y                          
000002aa  baud                              
000002b0  baud_str                          
000002ac  databits                          
000002b8  databits_str                      
0000f442  egg_IMG                           
00000274  egg_dir                           
0000027e  egg_move_count                    
00000286  egg_shoot                         
00000278  egg_t                             
0000026a  egg_to_basket                     
00000276  egg_up_down                       
0000026c  egg_x                             
0000026e  egg_y                             
00000265  game_over                         
00000284  game_over_count                   
00000264  game_start                        
0000028a  life_lost                         
000002cc  line_count                        
0000cec2  main                              
0000ed00  memccpy                           
0000eed2  memcpy                            
0000ee3e  memset                            
000002e0  menu_main                         
0000030c  menu_monitor_option               
000002ae  msb                               
000002ce  msb_str                           
00000282  my_basket_move_count              
0000027c  my_basket_speed                   
00000266  new_round                         
000002ab  parity                            
000002c4  parity_str                        
00000288  player_life                       
000002af  rows                              
000002de  rows_str                          
0000e8c0  sprintf                           
000002ad  stopbits                          
000002d2  stopbits_str                      
0000ef12  strlen                            


GLOBAL SYMBOLS: SORTED BY Symbol Address 

address   name                              
-------   ----                              
00000000  IE1                               
00000001  IE2                               
00000002  IFG1                              
00000003  IFG2                              
00000010  P3REN                             
00000018  P3IN                              
00000019  P3OUT                             
0000001a  P3DIR                             
0000001b  P3SEL                             
00000020  P1IN                              
00000021  P1OUT                             
00000022  P1DIR                             
00000023  P1IFG                             
00000024  P1IES                             
00000025  P1IE                              
00000026  P1SEL                             
00000027  P1REN                             
00000028  P2IN                              
00000029  P2OUT                             
0000002a  P2DIR                             
0000002b  P2IFG                             
0000002c  P2IES                             
0000002d  P2IE                              
0000002e  P2SEL                             
0000002f  P2REN                             
00000041  P1SEL2                            
00000042  P2SEL2                            
00000043  P3SEL2                            
00000048  ADC10DTC0                         
00000049  ADC10DTC1                         
0000004a  ADC10AE0                          
00000050  __STACK_SIZE                      
00000053  BCSCTL3                           
00000056  DCOCTL                            
00000057  BCSCTL1                           
00000058  BCSCTL2                           
00000059  CACTL1                            
0000005a  CACTL2                            
0000005b  CAPD                              
0000005d  UCA0ABCTL                         
0000005e  UCA0IRTCTL                        
0000005f  UCA0IRRCTL                        
00000060  UCA0CTL0                          
00000061  UCA0CTL1                          
00000062  UCA0BR0                           
00000063  UCA0BR1                           
00000064  UCA0MCTL                          
00000065  UCA0STAT                          
00000066  UCA0RXBUF                         
00000067  UCA0TXBUF                         
00000068  UCB0CTL0                          
00000069  UCB0CTL1                          
0000006a  UCB0BR0                           
0000006b  UCB0BR1                           
0000006c  UCB0I2CIE                         
0000006d  UCB0STAT                          
0000006e  UCB0RXBUF                         
0000006f  UCB0TXBUF                         
00000118  UCB0I2COA                         
0000011a  UCB0I2CSA                         
0000011e  TA1IV                             
00000120  WDTCTL                            
00000128  FCTL1                             
0000012a  FCTL2                             
0000012c  FCTL3                             
0000012e  TA0IV                             
00000160  TA0CTL                            
00000162  TA0CCTL0                          
00000164  TA0CCTL1                          
00000166  TA0CCTL2                          
00000170  TA0R                              
00000172  TA0CCR0                           
00000174  TA0CCR1                           
00000176  TA0CCR2                           
00000180  TA1CTL                            
00000182  TA1CCTL0                          
00000184  TA1CCTL1                          
00000186  TA1CCTL2                          
00000190  TA1R                              
00000192  TA1CCR0                           
00000194  TA1CCR1                           
00000196  TA1CCR2                           
000001b0  ADC10CTL0                         
000001b2  ADC10CTL1                         
000001b4  ADC10MEM                          
000001bc  ADC10SA                           
00000200  RX_buf                            
00000264  game_start                        
00000265  game_over                         
00000266  new_round                         
00000268  Game_Score                        
0000026a  egg_to_basket                     
0000026c  egg_x                             
0000026e  egg_y                             
00000270  basket_x                          
00000272  basket_y                          
00000274  egg_dir                           
00000275  basket_dir                        
00000276  egg_up_down                       
00000278  egg_t                             
0000027a  basket_speed                      
0000027c  my_basket_speed                   
0000027e  egg_move_count                    
00000280  basket_move_count                 
00000282  my_basket_move_count              
00000284  game_over_count                   
00000286  egg_shoot                         
00000288  player_life                       
0000028a  life_lost                         
0000028c  RX_long_buf                       
000002a2  ADC_bit                           
000002a4  ADC_volt                          
000002a8  ADC_multiple                      
000002aa  baud                              
000002ab  parity                            
000002ac  databits                          
000002ad  stopbits                          
000002ae  msb                               
000002af  rows                              
000002b0  baud_str                          
000002b8  databits_str                      
000002be  Game_Score_str                    
000002c4  parity_str                        
000002c9  Monitor_x                         
000002ca  Monitor_y                         
000002cb  Monitor_y_limit                   
000002cc  line_count                        
000002ce  msb_str                           
000002d2  stopbits_str                      
000002d8  Event_layer                       
000002dc  RX_buf_count                      
000002dd  RX_over                           
000002de  rows_str                          
000002e0  menu_main                         
0000030c  menu_monitor_option               
00000338  ADC_str                           
000003b0  _stack                            
00000400  __STACK_END                       
000010c0  TLV_CHECKSUM                      
000010da  TLV_ADC10_1_TAG                   
000010db  TLV_ADC10_1_LEN                   
000010f6  TLV_DCO_30_TAG                    
000010f7  TLV_DCO_30_LEN                    
000010f8  CALDCO_16MHZ                      
000010f9  CALBC1_16MHZ                      
000010fa  CALDCO_12MHZ                      
000010fb  CALBC1_12MHZ                      
000010fc  CALDCO_8MHZ                       
000010fd  CALBC1_8MHZ                       
000010fe  CALDCO_1MHZ                       
000010ff  CALBC1_1MHZ                       
0000c000  __mspabi_addd                     
0000c736  ADC_Mode                          
0000c9f6  __mspabi_mpyd                     
0000ccb6  TimerA0                           
0000cec2  main                              
0000d0be  Game_main                         
0000d270  __TI_frcmpyd                      
0000d3e2  Monitor_Baud                      
0000d520  Egg_display                       
0000d766  __mspabi_mpyll                    
0000d766  __mspabi_mpyll_sw                 
0000d87a  Monitor_Rec_Mode                  
0000d87a  Monitor_update                    
0000d986  SSD1306_init                      
0000da8e  __TI_printfi_minimal              
0000dc44  __mspabi_mpyf                     
0000dd08  __mspabi_cvtdf                    
0000ddbc  __mspabi_fltlid                   
0000de68  SSD1306_ShowChar                  
0000defe  Monitor_Rec_Option                
0000df88  __mspabi_fltuld                   
0000e012  Monitor_Rows                      
0000e096  __TI_decompress_lzss              
0000e112  Monitor_Parity                    
0000e18c  __mspabi_fixdli                   
0000e1fe  M_gui_update_list                 
0000e26e  __mspabi_fixfi                    
0000e2d6  __mspabi_srll_15                  
0000e2dc  __mspabi_srll_14                  
0000e2e2  __mspabi_srll_13                  
0000e2e8  __mspabi_srll_12                  
0000e2ee  __mspabi_srll_11                  
0000e2f4  __mspabi_srll_10                  
0000e2fa  __mspabi_srll_9                   
0000e300  __mspabi_srll_8                   
0000e306  __mspabi_srll_7                   
0000e30c  __mspabi_srll_6                   
0000e312  __mspabi_srll_5                   
0000e318  __mspabi_srll_4                   
0000e31e  __mspabi_srll_3                   
0000e324  __mspabi_srll_2                   
0000e32a  __mspabi_srll_1                   
0000e332  M_gui_update_display              
0000e384  Monitor_Data_Bits                 
0000e3d6  Monitor_MSB_first                 
0000e428  Monitor_Stop_Bits                 
0000e476  M_gui_print_sleep_item            
0000e4c2  Switch_scan                       
0000e50e  __mspabi_srli                     
0000e51c  __mspabi_srli_15                  
0000e520  __mspabi_srli_14                  
0000e524  __mspabi_srli_13                  
0000e528  __mspabi_srli_12                  
0000e52c  __mspabi_srli_11                  
0000e530  __mspabi_srli_10                  
0000e534  __mspabi_srli_9                   
0000e538  __mspabi_srli_8                   
0000e53c  __mspabi_srli_7                   
0000e540  __mspabi_srli_6                   
0000e544  __mspabi_srli_5                   
0000e548  __mspabi_srli_4                   
0000e54c  __mspabi_srli_3                   
0000e550  __mspabi_srli_2                   
0000e554  __mspabi_srli_1                   
0000e55a  M_gui_init                        
0000e5a4  SSD1306_ShowString                
0000e5ee  __mspabi_srall                    
0000e638  M_gui_print_select_item           
0000e680  __mspabi_srlll                    
0000e6c6  __mspabi_sllll                    
0000e70a  Catch_the_egg                     
0000e70a  Game_start                        
0000e74c  __TI_auto_init_nobinit_nopinit    
0000e78e  Basket_display                    
0000e7ce  __mspabi_slll_15                  
0000e7d2  __mspabi_slll_14                  
0000e7d6  __mspabi_slll_13                  
0000e7da  __mspabi_slll_12                  
0000e7de  __mspabi_slll_11                  
0000e7e2  __mspabi_slll_10                  
0000e7e6  __mspabi_slll_9                   
0000e7ea  __mspabi_slll_8                   
0000e7ee  __mspabi_slll_7                   
0000e7f2  __mspabi_slll_6                   
0000e7f6  __mspabi_slll_5                   
0000e7fa  __mspabi_slll_4                   
0000e7fe  __mspabi_slll_3                   
0000e802  __mspabi_slll_2                   
0000e806  __mspabi_slll_1                   
0000e80c  M_gui_print_option                
0000e848  M_gui_clear_display               
0000e848  SSD1306_clear                     
0000e884  SSD1306_port_init                 
0000e8c0  sprintf                           
0000e8f8  BAT_volt_display                  
0000e92e  SWP14_Onclick                     
0000e964  USCI0RX_ISR                       
0000e99a  BAT_measure_display               
0000e9ce  BAT_volt_get                      
0000ea02  M_gui_event_start                 
0000ea36  M_gui_print_custom_option         
0000ea68  SWP13_Onclick                     
0000ea9a  Uart_init                         
0000eacc  __mspabi_srai                     
0000ead8  __mspabi_srai_15                  
0000eada  __mspabi_srai_14                  
0000eadc  __mspabi_srai_13                  
0000eade  __mspabi_srai_12                  
0000eae0  __mspabi_srai_11                  
0000eae2  __mspabi_srai_10                  
0000eae4  __mspabi_srai_9                   
0000eae6  __mspabi_srai_8                   
0000eae8  __mspabi_srai_7                   
0000eaea  __mspabi_srai_6                   
0000eaec  __mspabi_srai_5                   
0000eaee  __mspabi_srai_4                   
0000eaf0  __mspabi_srai_3                   
0000eaf2  __mspabi_srai_2                   
0000eaf4  __mspabi_srai_1                   
0000eaf8  __mspabi_divi                     
0000eaf8  __mspabi_remi                     
0000eb24  __mspabi_slli                     
0000eb30  __mspabi_slli_15                  
0000eb32  __mspabi_slli_14                  
0000eb34  __mspabi_slli_13                  
0000eb36  __mspabi_slli_12                  
0000eb38  __mspabi_slli_11                  
0000eb3a  __mspabi_slli_10                  
0000eb3c  __mspabi_slli_9                   
0000eb3e  __mspabi_slli_8                   
0000eb40  __mspabi_slli_7                   
0000eb42  __mspabi_slli_6                   
0000eb44  __mspabi_slli_5                   
0000eb46  __mspabi_slli_4                   
0000eb48  __mspabi_slli_3                   
0000eb4a  __mspabi_slli_2                   
0000eb4c  __mspabi_slli_1                   
0000eb50  BAT_charging_display              
0000eb7a  SSD1306_write_cmd                 
0000eba4  SSD1306_write_data                
0000ebce  ADC10_in                          
0000ebf6  M_gui_creat_item                  
0000ec1e  SSD1306_set_pos                   
0000ec46  __mspabi_fixdi                    
0000ec6e  Uart_TX                           
0000ec94  __mspabi_mpyl                     
0000ec94  __mspabi_mpyl_sw                  
0000ecba  __mspabi_fltuf                    
0000ecde  __mspabi_mpyul                    
0000ecde  __mspabi_mpyul_sw                 
0000ed00  memccpy                           
0000ed22  Monitor_Option_Exit               
0000ed40  __mspabi_mpyull                   
0000ed40  __mspabi_mpyull_sw                
0000ed5e  M_gui_creat_option                
0000ed7a  M_gui_event_start_no_clear_display
0000ed96  _c_int00_noargs                   
0000edb2  M_gui_select_item_next            
0000edcc  WDT_ISR                           
0000ee00  __mspabi_divu                     
0000ee00  __mspabi_remu                     
0000ee16  ADC10_init                        
0000ee2a  __TI_zero_init_nomemset           
0000ee3e  memset                            
0000ee52  __mspabi_mpyi                     
0000ee52  __mspabi_mpyi_sw                  
0000ee66  Game_stop                         
0000ee78  M_gui_enter_exit_event            
0000ee8a  Switch_init                       
0000eeae  __TI_decompress_none              
0000eec0  __mspabi_srll                     
0000eed2  memcpy                            
0000eee4  BAT_measure_init                  
0000eef4  __mspabi_func_epilog_7            
0000eef6  __mspabi_func_epilog_6            
0000eef8  __mspabi_func_epilog_5            
0000eefa  __mspabi_func_epilog_4            
0000eefc  __mspabi_func_epilog_3            
0000eefe  __mspabi_func_epilog_2            
0000ef00  __mspabi_func_epilog_1            
0000ef04  M_gui_set_event                   
0000ef12  strlen                            
0000ef20  __mspabi_fltid                    
0000ef2c  M_gui_enter_event                 
0000ef36  M_gui_exit_event                  
0000ef40  M_gui_print_string                
0000ef48  TA0_init                          
0000ef50  __TI_ISR_TRAP                     
0000ef58  M_gui_active                      
0000ef5e  M_gui_sleep                       
0000ef64  __mspabi_fltud                    
0000ef6a  C$$EXIT                           
0000ef6a  abort                             
0000ef70  _system_pre_init                  
0000ef74  M_gui_ERROR                       
0000ef76  _system_post_cinit                
0000ef78  asc2_0806                         
0000f2f0  BAT_IMG                           
0000f436  basket_IMG                        
0000f442  egg_IMG                           
0000f496  __TI_Handler_Table_Base           
0000f49c  __TI_Handler_Table_Limit          
0000f4a0  __TI_CINIT_Base                   
0000f4a8  __TI_CINIT_Limit                  
0000ffe0  __TI_int00                        
0000ffe4  __TI_int02                        
0000ffe6  __TI_int03                        
0000ffea  __TI_int05                        
0000ffec  __TI_int06                        
0000ffee  __TI_int07                        
0000fff0  __TI_int08                        
0000fff2  __TI_int09                        
0000fff4  __TI_int10                        
0000fff6  __TI_int11                        
0000fff8  __TI_int12                        
0000fffa  __TI_int13                        
0000fffc  __TI_int14                        
0000fffe  _reset_vector                     
ffffffff  __TI_pprof_out_hndl               
ffffffff  __TI_prof_data_size               
ffffffff  __TI_prof_data_start              
ffffffff  __c_args__                        

[373 symbols]
