<?xml version="1.0" encoding="ISO-8859-1" ?>
<link_info>
   <banner>MSP430 Linker PC v20.2.5.LTS</banner>
   <copyright>Copyright (c) 2003-2018 Texas Instruments Incorporated</copyright>
   <link_time>0x614df402</link_time>
   <link_errors>0x0</link_errors>
   <output_file>G2553_offline_monitor_v1_1.out</output_file>
   <entry_point>
      <name>_c_int00_noargs</name>
      <address>0xed96</address>
   </entry_point>
   <input_file_list>
      <input_file id="fl-2">
         <path>.\</path>
         <kind>object</kind>
         <file>main.obj</file>
         <name>main.obj</name>
      </input_file>
      <input_file id="fl-3">
         <path>.\src\</path>
         <kind>object</kind>
         <file>ADC10.obj</file>
         <name>ADC10.obj</name>
      </input_file>
      <input_file id="fl-4">
         <path>.\src\</path>
         <kind>object</kind>
         <file>Battery.obj</file>
         <name>Battery.obj</name>
      </input_file>
      <input_file id="fl-5">
         <path>.\src\</path>
         <kind>object</kind>
         <file>Event.obj</file>
         <name>Event.obj</name>
      </input_file>
      <input_file id="fl-6">
         <path>.\src\</path>
         <kind>object</kind>
         <file>Game.obj</file>
         <name>Game.obj</name>
      </input_file>
      <input_file id="fl-7">
         <path>.\src\</path>
         <kind>object</kind>
         <file>Monitor.obj</file>
         <name>Monitor.obj</name>
      </input_file>
      <input_file id="fl-8">
         <path>.\src\</path>
         <kind>object</kind>
         <file>Switch.obj</file>
         <name>Switch.obj</name>
      </input_file>
      <input_file id="fl-9">
         <path>.\src\</path>
         <kind>object</kind>
         <file>UART.obj</file>
         <name>UART.obj</name>
      </input_file>
      <input_file id="fl-a">
         <path>.\src\Menu_gui\</path>
         <kind>object</kind>
         <file>Menu_gui.obj</file>
         <name>Menu_gui.obj</name>
      </input_file>
      <input_file id="fl-b">
         <path>.\src\Menu_gui\</path>
         <kind>object</kind>
         <file>Menu_gui_driver.obj</file>
         <name>Menu_gui_driver.obj</name>
      </input_file>
      <input_file id="fl-c">
         <path>.\src\SSD1306\</path>
         <kind>object</kind>
         <file>Font_code.obj</file>
         <name>Font_code.obj</name>
      </input_file>
      <input_file id="fl-d">
         <path>.\src\SSD1306\</path>
         <kind>object</kind>
         <file>SSD1306_draw.obj</file>
         <name>SSD1306_draw.obj</name>
      </input_file>
      <input_file id="fl-e">
         <path>.\src\SSD1306\</path>
         <kind>object</kind>
         <file>SSD1306_driver.obj</file>
         <name>SSD1306_driver.obj</name>
      </input_file>
      <input_file id="fl-13">
         <kind>object</kind>
         <file>&lt;internal&gt;</file>
         <name>&lt;internal&gt;</name>
      </input_file>
      <input_file id="fl-29">
         <path>F:\TI\CCSv1010\ccs\tools\compiler\ti-cgt-msp430_20.2.5.LTS\lib\</path>
         <kind>archive</kind>
         <file>rts430_eabi.lib</file>
         <name>sprintf.c.obj</name>
      </input_file>
      <input_file id="fl-2a">
         <path>F:\TI\CCSv1010\ccs\tools\compiler\ti-cgt-msp430_20.2.5.LTS\lib\</path>
         <kind>archive</kind>
         <file>rts430_eabi.lib</file>
         <name>asr16.asm.obj</name>
      </input_file>
      <input_file id="fl-2b">
         <path>F:\TI\CCSv1010\ccs\tools\compiler\ti-cgt-msp430_20.2.5.LTS\lib\</path>
         <kind>archive</kind>
         <file>rts430_eabi.lib</file>
         <name>div16s.asm.obj</name>
      </input_file>
      <input_file id="fl-2c">
         <path>F:\TI\CCSv1010\ccs\tools\compiler\ti-cgt-msp430_20.2.5.LTS\lib\</path>
         <kind>archive</kind>
         <file>rts430_eabi.lib</file>
         <name>div16u.asm.obj</name>
      </input_file>
      <input_file id="fl-2d">
         <path>F:\TI\CCSv1010\ccs\tools\compiler\ti-cgt-msp430_20.2.5.LTS\lib\</path>
         <kind>archive</kind>
         <file>rts430_eabi.lib</file>
         <name>div32u.asm.obj</name>
      </input_file>
      <input_file id="fl-2e">
         <path>F:\TI\CCSv1010\ccs\tools\compiler\ti-cgt-msp430_20.2.5.LTS\lib\</path>
         <kind>archive</kind>
         <file>rts430_eabi.lib</file>
         <name>epilog.asm.obj</name>
      </input_file>
      <input_file id="fl-2f">
         <path>F:\TI\CCSv1010\ccs\tools\compiler\ti-cgt-msp430_20.2.5.LTS\lib\</path>
         <kind>archive</kind>
         <file>rts430_eabi.lib</file>
         <name>fs_mpy.asm.obj</name>
      </input_file>
      <input_file id="fl-30">
         <path>F:\TI\CCSv1010\ccs\tools\compiler\ti-cgt-msp430_20.2.5.LTS\lib\</path>
         <kind>archive</kind>
         <file>rts430_eabi.lib</file>
         <name>fs_toi.asm.obj</name>
      </input_file>
      <input_file id="fl-31">
         <path>F:\TI\CCSv1010\ccs\tools\compiler\ti-cgt-msp430_20.2.5.LTS\lib\</path>
         <kind>archive</kind>
         <file>rts430_eabi.lib</file>
         <name>fs_utof.asm.obj</name>
      </input_file>
      <input_file id="fl-32">
         <path>F:\TI\CCSv1010\ccs\tools\compiler\ti-cgt-msp430_20.2.5.LTS\lib\</path>
         <kind>archive</kind>
         <file>rts430_eabi.lib</file>
         <name>int00.asm.obj</name>
      </input_file>
      <input_file id="fl-33">
         <path>F:\TI\CCSv1010\ccs\tools\compiler\ti-cgt-msp430_20.2.5.LTS\lib\</path>
         <kind>archive</kind>
         <file>rts430_eabi.lib</file>
         <name>int02.asm.obj</name>
      </input_file>
      <input_file id="fl-34">
         <path>F:\TI\CCSv1010\ccs\tools\compiler\ti-cgt-msp430_20.2.5.LTS\lib\</path>
         <kind>archive</kind>
         <file>rts430_eabi.lib</file>
         <name>int03.asm.obj</name>
      </input_file>
      <input_file id="fl-35">
         <path>F:\TI\CCSv1010\ccs\tools\compiler\ti-cgt-msp430_20.2.5.LTS\lib\</path>
         <kind>archive</kind>
         <file>rts430_eabi.lib</file>
         <name>int05.asm.obj</name>
      </input_file>
      <input_file id="fl-36">
         <path>F:\TI\CCSv1010\ccs\tools\compiler\ti-cgt-msp430_20.2.5.LTS\lib\</path>
         <kind>archive</kind>
         <file>rts430_eabi.lib</file>
         <name>int06.asm.obj</name>
      </input_file>
      <input_file id="fl-37">
         <path>F:\TI\CCSv1010\ccs\tools\compiler\ti-cgt-msp430_20.2.5.LTS\lib\</path>
         <kind>archive</kind>
         <file>rts430_eabi.lib</file>
         <name>int09.asm.obj</name>
      </input_file>
      <input_file id="fl-38">
         <path>F:\TI\CCSv1010\ccs\tools\compiler\ti-cgt-msp430_20.2.5.LTS\lib\</path>
         <kind>archive</kind>
         <file>rts430_eabi.lib</file>
         <name>int11.asm.obj</name>
      </input_file>
      <input_file id="fl-39">
         <path>F:\TI\CCSv1010\ccs\tools\compiler\ti-cgt-msp430_20.2.5.LTS\lib\</path>
         <kind>archive</kind>
         <file>rts430_eabi.lib</file>
         <name>int12.asm.obj</name>
      </input_file>
      <input_file id="fl-3a">
         <path>F:\TI\CCSv1010\ccs\tools\compiler\ti-cgt-msp430_20.2.5.LTS\lib\</path>
         <kind>archive</kind>
         <file>rts430_eabi.lib</file>
         <name>int13.asm.obj</name>
      </input_file>
      <input_file id="fl-3b">
         <path>F:\TI\CCSv1010\ccs\tools\compiler\ti-cgt-msp430_20.2.5.LTS\lib\</path>
         <kind>archive</kind>
         <file>rts430_eabi.lib</file>
         <name>int14.asm.obj</name>
      </input_file>
      <input_file id="fl-3c">
         <path>F:\TI\CCSv1010\ccs\tools\compiler\ti-cgt-msp430_20.2.5.LTS\lib\</path>
         <kind>archive</kind>
         <file>rts430_eabi.lib</file>
         <name>isr_trap.asm.obj</name>
      </input_file>
      <input_file id="fl-3d">
         <path>F:\TI\CCSv1010\ccs\tools\compiler\ti-cgt-msp430_20.2.5.LTS\lib\</path>
         <kind>archive</kind>
         <file>rts430_eabi.lib</file>
         <name>lsl16.asm.obj</name>
      </input_file>
      <input_file id="fl-3e">
         <path>F:\TI\CCSv1010\ccs\tools\compiler\ti-cgt-msp430_20.2.5.LTS\lib\</path>
         <kind>archive</kind>
         <file>rts430_eabi.lib</file>
         <name>lsr16.asm.obj</name>
      </input_file>
      <input_file id="fl-3f">
         <path>F:\TI\CCSv1010\ccs\tools\compiler\ti-cgt-msp430_20.2.5.LTS\lib\</path>
         <kind>archive</kind>
         <file>rts430_eabi.lib</file>
         <name>mult16.asm.obj</name>
      </input_file>
      <input_file id="fl-40">
         <path>F:\TI\CCSv1010\ccs\tools\compiler\ti-cgt-msp430_20.2.5.LTS\lib\</path>
         <kind>archive</kind>
         <file>rts430_eabi.lib</file>
         <name>mult32.asm.obj</name>
      </input_file>
      <input_file id="fl-41">
         <path>F:\TI\CCSv1010\ccs\tools\compiler\ti-cgt-msp430_20.2.5.LTS\lib\</path>
         <kind>archive</kind>
         <file>rts430_eabi.lib</file>
         <name>boot.c.obj</name>
      </input_file>
      <input_file id="fl-42">
         <path>F:\TI\CCSv1010\ccs\tools\compiler\ti-cgt-msp430_20.2.5.LTS\lib\</path>
         <kind>archive</kind>
         <file>rts430_eabi.lib</file>
         <name>autoinit.c.obj</name>
      </input_file>
      <input_file id="fl-43">
         <path>F:\TI\CCSv1010\ccs\tools\compiler\ti-cgt-msp430_20.2.5.LTS\lib\</path>
         <kind>archive</kind>
         <file>rts430_eabi.lib</file>
         <name>copy_zero_init.c.obj</name>
      </input_file>
      <input_file id="fl-44">
         <path>F:\TI\CCSv1010\ccs\tools\compiler\ti-cgt-msp430_20.2.5.LTS\lib\</path>
         <kind>archive</kind>
         <file>rts430_eabi.lib</file>
         <name>cpy_tbl.c.obj</name>
      </input_file>
      <input_file id="fl-45">
         <path>F:\TI\CCSv1010\ccs\tools\compiler\ti-cgt-msp430_20.2.5.LTS\lib\</path>
         <kind>archive</kind>
         <file>rts430_eabi.lib</file>
         <name>mpu_init.c.obj</name>
      </input_file>
      <input_file id="fl-46">
         <path>F:\TI\CCSv1010\ccs\tools\compiler\ti-cgt-msp430_20.2.5.LTS\lib\</path>
         <kind>archive</kind>
         <file>rts430_eabi.lib</file>
         <name>pre_init.c.obj</name>
      </input_file>
      <input_file id="fl-47">
         <path>F:\TI\CCSv1010\ccs\tools\compiler\ti-cgt-msp430_20.2.5.LTS\lib\</path>
         <kind>archive</kind>
         <file>rts430_eabi.lib</file>
         <name>startup.c.obj</name>
      </input_file>
      <input_file id="fl-48">
         <path>F:\TI\CCSv1010\ccs\tools\compiler\ti-cgt-msp430_20.2.5.LTS\lib\</path>
         <kind>archive</kind>
         <file>rts430_eabi.lib</file>
         <name>copy_decompress_none.c.obj</name>
      </input_file>
      <input_file id="fl-49">
         <path>F:\TI\CCSv1010\ccs\tools\compiler\ti-cgt-msp430_20.2.5.LTS\lib\</path>
         <kind>archive</kind>
         <file>rts430_eabi.lib</file>
         <name>copy_decompress_lzss.c.obj</name>
      </input_file>
      <input_file id="fl-4a">
         <path>F:\TI\CCSv1010\ccs\tools\compiler\ti-cgt-msp430_20.2.5.LTS\lib\</path>
         <kind>archive</kind>
         <file>rts430_eabi.lib</file>
         <name>addd.c.obj</name>
      </input_file>
      <input_file id="fl-4b">
         <path>F:\TI\CCSv1010\ccs\tools\compiler\ti-cgt-msp430_20.2.5.LTS\lib\</path>
         <kind>archive</kind>
         <file>rts430_eabi.lib</file>
         <name>fixdi.c.obj</name>
      </input_file>
      <input_file id="fl-4c">
         <path>F:\TI\CCSv1010\ccs\tools\compiler\ti-cgt-msp430_20.2.5.LTS\lib\</path>
         <kind>archive</kind>
         <file>rts430_eabi.lib</file>
         <name>fixdli.c.obj</name>
      </input_file>
      <input_file id="fl-4d">
         <path>F:\TI\CCSv1010\ccs\tools\compiler\ti-cgt-msp430_20.2.5.LTS\lib\</path>
         <kind>archive</kind>
         <file>rts430_eabi.lib</file>
         <name>fltid.c.obj</name>
      </input_file>
      <input_file id="fl-4e">
         <path>F:\TI\CCSv1010\ccs\tools\compiler\ti-cgt-msp430_20.2.5.LTS\lib\</path>
         <kind>archive</kind>
         <file>rts430_eabi.lib</file>
         <name>fltlid.c.obj</name>
      </input_file>
      <input_file id="fl-4f">
         <path>F:\TI\CCSv1010\ccs\tools\compiler\ti-cgt-msp430_20.2.5.LTS\lib\</path>
         <kind>archive</kind>
         <file>rts430_eabi.lib</file>
         <name>fltud.c.obj</name>
      </input_file>
      <input_file id="fl-50">
         <path>F:\TI\CCSv1010\ccs\tools\compiler\ti-cgt-msp430_20.2.5.LTS\lib\</path>
         <kind>archive</kind>
         <file>rts430_eabi.lib</file>
         <name>fltuld.c.obj</name>
      </input_file>
      <input_file id="fl-51">
         <path>F:\TI\CCSv1010\ccs\tools\compiler\ti-cgt-msp430_20.2.5.LTS\lib\</path>
         <kind>archive</kind>
         <file>rts430_eabi.lib</file>
         <name>mpyd.c.obj</name>
      </input_file>
      <input_file id="fl-52">
         <path>F:\TI\CCSv1010\ccs\tools\compiler\ti-cgt-msp430_20.2.5.LTS\lib\</path>
         <kind>archive</kind>
         <file>rts430_eabi.lib</file>
         <name>cvtdf.c.obj</name>
      </input_file>
      <input_file id="fl-53">
         <path>F:\TI\CCSv1010\ccs\tools\compiler\ti-cgt-msp430_20.2.5.LTS\lib\</path>
         <kind>archive</kind>
         <file>rts430_eabi.lib</file>
         <name>exit.c.obj</name>
      </input_file>
      <input_file id="fl-54">
         <path>F:\TI\CCSv1010\ccs\tools\compiler\ti-cgt-msp430_20.2.5.LTS\lib\</path>
         <kind>archive</kind>
         <file>rts430_eabi.lib</file>
         <name>_lock.c.obj</name>
      </input_file>
      <input_file id="fl-55">
         <path>F:\TI\CCSv1010\ccs\tools\compiler\ti-cgt-msp430_20.2.5.LTS\lib\</path>
         <kind>archive</kind>
         <file>rts430_eabi.lib</file>
         <name>args_main.c.obj</name>
      </input_file>
      <input_file id="fl-56">
         <path>F:\TI\CCSv1010\ccs\tools\compiler\ti-cgt-msp430_20.2.5.LTS\lib\</path>
         <kind>archive</kind>
         <file>rts430_eabi.lib</file>
         <name>memcpy.c.obj</name>
      </input_file>
      <input_file id="fl-57">
         <path>F:\TI\CCSv1010\ccs\tools\compiler\ti-cgt-msp430_20.2.5.LTS\lib\</path>
         <kind>archive</kind>
         <file>rts430_eabi.lib</file>
         <name>memset.c.obj</name>
      </input_file>
      <input_file id="fl-58">
         <path>F:\TI\CCSv1010\ccs\tools\compiler\ti-cgt-msp430_20.2.5.LTS\lib\</path>
         <kind>archive</kind>
         <file>rts430_eabi.lib</file>
         <name>strlen.c.obj</name>
      </input_file>
      <input_file id="fl-59">
         <path>F:\TI\CCSv1010\ccs\tools\compiler\ti-cgt-msp430_20.2.5.LTS\lib\</path>
         <kind>archive</kind>
         <file>rts430_eabi.lib</file>
         <name>_printfi_min.c.obj</name>
      </input_file>
      <input_file id="fl-5a">
         <path>F:\TI\CCSv1010\ccs\tools\compiler\ti-cgt-msp430_20.2.5.LTS\lib\</path>
         <kind>archive</kind>
         <file>rts430_eabi.lib</file>
         <name>lsl32.asm.obj</name>
      </input_file>
      <input_file id="fl-5b">
         <path>F:\TI\CCSv1010\ccs\tools\compiler\ti-cgt-msp430_20.2.5.LTS\lib\</path>
         <kind>archive</kind>
         <file>rts430_eabi.lib</file>
         <name>lsr32.asm.obj</name>
      </input_file>
      <input_file id="fl-5c">
         <path>F:\TI\CCSv1010\ccs\tools\compiler\ti-cgt-msp430_20.2.5.LTS\lib\</path>
         <kind>archive</kind>
         <file>rts430_eabi.lib</file>
         <name>exit_gvars.c.obj</name>
      </input_file>
      <input_file id="fl-5d">
         <path>F:\TI\CCSv1010\ccs\tools\compiler\ti-cgt-msp430_20.2.5.LTS\lib\</path>
         <kind>archive</kind>
         <file>rts430_eabi.lib</file>
         <name>asr64.c.obj</name>
      </input_file>
      <input_file id="fl-5e">
         <path>F:\TI\CCSv1010\ccs\tools\compiler\ti-cgt-msp430_20.2.5.LTS\lib\</path>
         <kind>archive</kind>
         <file>rts430_eabi.lib</file>
         <name>lsl64.c.obj</name>
      </input_file>
      <input_file id="fl-5f">
         <path>F:\TI\CCSv1010\ccs\tools\compiler\ti-cgt-msp430_20.2.5.LTS\lib\</path>
         <kind>archive</kind>
         <file>rts430_eabi.lib</file>
         <name>lsr64.c.obj</name>
      </input_file>
      <input_file id="fl-60">
         <path>F:\TI\CCSv1010\ccs\tools\compiler\ti-cgt-msp430_20.2.5.LTS\lib\</path>
         <kind>archive</kind>
         <file>rts430_eabi.lib</file>
         <name>frcmpyd.c.obj</name>
      </input_file>
      <input_file id="fl-61">
         <path>F:\TI\CCSv1010\ccs\tools\compiler\ti-cgt-msp430_20.2.5.LTS\lib\</path>
         <kind>archive</kind>
         <file>rts430_eabi.lib</file>
         <name>memccpy.c.obj</name>
      </input_file>
      <input_file id="fl-62">
         <path>F:\TI\CCSv1010\ccs\tools\compiler\ti-cgt-msp430_20.2.5.LTS\lib\</path>
         <kind>archive</kind>
         <file>rts430_eabi.lib</file>
         <name>mult3264.asm.obj</name>
      </input_file>
      <input_file id="fl-63">
         <path>F:\TI\CCSv1010\ccs\tools\compiler\ti-cgt-msp430_20.2.5.LTS\lib\</path>
         <kind>archive</kind>
         <file>rts430_eabi.lib</file>
         <name>mult64.asm.obj</name>
      </input_file>
      <input_file id="fl-64">
         <path>F:\TI\CCSv1010\ccs\tools\compiler\ti-cgt-msp430_20.2.5.LTS\lib\</path>
         <kind>archive</kind>
         <file>rts430_eabi.lib</file>
         <name>mult1632.asm.obj</name>
      </input_file>
   </input_file_list>
   <object_component_list>
      <object_component id="oc-238">
         <name>.common:menu_main</name>
         <uninitialized>true</uninitialized>
         <run_address>0x2e0</run_address>
         <size>0x2c</size>
      </object_component>
      <object_component id="oc-271">
         <name>.common:menu_monitor_option</name>
         <uninitialized>true</uninitialized>
         <run_address>0x30c</run_address>
         <size>0x2c</size>
      </object_component>
      <object_component id="oc-3ce">
         <name>.common:ADC_str</name>
         <uninitialized>true</uninitialized>
         <run_address>0x338</run_address>
         <size>0x8</size>
      </object_component>
      <object_component id="oc-507">
         <name>.data</name>
         <load_address>0x2d6</load_address>
         <run_address>0x2d6</run_address>
         <size>0x2</size>
         <input_file_ref idref="fl-4"/>
      </object_component>
      <object_component id="oc-3cb">
         <name>.data</name>
         <load_address>0x2a2</load_address>
         <run_address>0x2a2</run_address>
         <size>0xe</size>
         <input_file_ref idref="fl-5"/>
      </object_component>
      <object_component id="oc-3ab">
         <name>.data:baud_str</name>
         <load_address>0x2b0</load_address>
         <run_address>0x2b0</run_address>
         <size>0x7</size>
         <input_file_ref idref="fl-5"/>
      </object_component>
      <object_component id="oc-3ae">
         <name>.data:parity_str</name>
         <load_address>0x2c4</load_address>
         <run_address>0x2c4</run_address>
         <size>0x5</size>
         <input_file_ref idref="fl-5"/>
      </object_component>
      <object_component id="oc-3b1">
         <name>.data:databits_str</name>
         <load_address>0x2b8</load_address>
         <run_address>0x2b8</run_address>
         <size>0x6</size>
         <input_file_ref idref="fl-5"/>
      </object_component>
      <object_component id="oc-3b4">
         <name>.data:stopbits_str</name>
         <load_address>0x2d2</load_address>
         <run_address>0x2d2</run_address>
         <size>0x4</size>
         <input_file_ref idref="fl-5"/>
      </object_component>
      <object_component id="oc-3b7">
         <name>.data:msb_str</name>
         <load_address>0x2ce</load_address>
         <run_address>0x2ce</run_address>
         <size>0x4</size>
         <input_file_ref idref="fl-5"/>
      </object_component>
      <object_component id="oc-3ba">
         <name>.data:rows_str</name>
         <load_address>0x2de</load_address>
         <run_address>0x2de</run_address>
         <size>0x2</size>
         <input_file_ref idref="fl-5"/>
      </object_component>
      <object_component id="oc-150">
         <name>.data</name>
         <load_address>0x264</load_address>
         <run_address>0x264</run_address>
         <size>0x27</size>
         <input_file_ref idref="fl-6"/>
      </object_component>
      <object_component id="oc-16c">
         <name>.data:Game_Score_str</name>
         <load_address>0x2be</load_address>
         <run_address>0x2be</run_address>
         <size>0x5</size>
         <input_file_ref idref="fl-6"/>
      </object_component>
      <object_component id="oc-356">
         <name>.data</name>
         <load_address>0x2c9</load_address>
         <run_address>0x2c9</run_address>
         <size>0x4</size>
         <input_file_ref idref="fl-7"/>
      </object_component>
      <object_component id="oc-39a">
         <name>.data:RX_long_buf</name>
         <load_address>0x28c</load_address>
         <run_address>0x28c</run_address>
         <size>0x16</size>
         <input_file_ref idref="fl-7"/>
      </object_component>
      <object_component id="oc-1fc">
         <name>.data</name>
         <load_address>0x2da</load_address>
         <run_address>0x2da</run_address>
         <size>0x2</size>
         <input_file_ref idref="fl-8"/>
      </object_component>
      <object_component id="oc-14c">
         <name>.data:RX_buf</name>
         <load_address>0x200</load_address>
         <run_address>0x200</run_address>
         <size>0x64</size>
         <input_file_ref idref="fl-9"/>
      </object_component>
      <object_component id="oc-149">
         <name>.data</name>
         <load_address>0x2dc</load_address>
         <run_address>0x2dc</run_address>
         <size>0x2</size>
         <input_file_ref idref="fl-9"/>
      </object_component>
      <object_component id="oc-4fd">
         <name>.data</name>
         <load_address>0x2d8</load_address>
         <run_address>0x2d8</run_address>
         <size>0x2</size>
         <input_file_ref idref="fl-a"/>
      </object_component>
      <object_component id="oc-b1">
         <name>.stack</name>
         <uninitialized>true</uninitialized>
         <run_address>0x3b0</run_address>
         <size>0x2</size>
         <input_file_ref idref="fl-41"/>
      </object_component>
      <object_component id="oc-5c1">
         <name>.stack</name>
         <uninitialized>true</uninitialized>
         <run_address>0x3b0</run_address>
         <size>0x0</size>
      </object_component>
      <object_component id="oc-15f">
         <name>.text:__mspabi_addd</name>
         <load_address>0xc000</load_address>
         <run_address>0xc000</run_address>
         <size>0x736</size>
         <input_file_ref idref="fl-4a"/>
      </object_component>
      <object_component id="oc-25f">
         <name>.text:ADC_Mode</name>
         <load_address>0xc736</load_address>
         <run_address>0xc736</run_address>
         <size>0x2c0</size>
         <input_file_ref idref="fl-5"/>
      </object_component>
      <object_component id="oc-159">
         <name>.text:__mspabi_mpyd</name>
         <load_address>0xc9f6</load_address>
         <run_address>0xc9f6</run_address>
         <size>0x2c0</size>
         <input_file_ref idref="fl-51"/>
      </object_component>
      <object_component id="oc-e7">
         <name>.text:TimerA0</name>
         <load_address>0xccb6</load_address>
         <run_address>0xccb6</run_address>
         <size>0x20c</size>
         <input_file_ref idref="fl-6"/>
      </object_component>
      <object_component id="oc-18b">
         <name>.text:main</name>
         <load_address>0xcec2</load_address>
         <run_address>0xcec2</run_address>
         <size>0x1fc</size>
         <input_file_ref idref="fl-2"/>
      </object_component>
      <object_component id="oc-3eb">
         <name>.text:Game_main</name>
         <load_address>0xd0be</load_address>
         <run_address>0xd0be</run_address>
         <size>0x1b2</size>
         <input_file_ref idref="fl-6"/>
      </object_component>
      <object_component id="oc-1c3">
         <name>.text:__TI_frcmpyd</name>
         <load_address>0xd270</load_address>
         <run_address>0xd270</run_address>
         <size>0x172</size>
         <input_file_ref idref="fl-60"/>
      </object_component>
      <object_component id="oc-274">
         <name>.text:Monitor_Baud</name>
         <load_address>0xd3e2</load_address>
         <run_address>0xd3e2</run_address>
         <size>0x13e</size>
         <input_file_ref idref="fl-5"/>
      </object_component>
      <object_component id="oc-4f6">
         <name>.text:Egg_display</name>
         <load_address>0xd520</load_address>
         <run_address>0xd520</run_address>
         <size>0x130</size>
         <input_file_ref idref="fl-6"/>
      </object_component>
      <object_component id="oc-335">
         <name>.text:_setfield</name>
         <load_address>0xd650</load_address>
         <run_address>0xd650</run_address>
         <size>0x116</size>
         <input_file_ref idref="fl-59"/>
      </object_component>
      <object_component id="oc-304">
         <name>.text:__mpyll</name>
         <load_address>0xd766</load_address>
         <run_address>0xd766</run_address>
         <size>0x114</size>
         <input_file_ref idref="fl-63"/>
      </object_component>
      <object_component id="oc-24d">
         <name>.text:Monitor_update</name>
         <load_address>0xd87a</load_address>
         <run_address>0xd87a</run_address>
         <size>0x10c</size>
         <input_file_ref idref="fl-7"/>
      </object_component>
      <object_component id="oc-225">
         <name>.text:SSD1306_init</name>
         <load_address>0xd986</load_address>
         <run_address>0xd986</run_address>
         <size>0x108</size>
         <input_file_ref idref="fl-e"/>
      </object_component>
      <object_component id="oc-1f4">
         <name>.text:__TI_printfi_minimal</name>
         <load_address>0xda8e</load_address>
         <run_address>0xda8e</run_address>
         <size>0xec</size>
         <input_file_ref idref="fl-59"/>
      </object_component>
      <object_component id="oc-483">
         <name>.text:_pproc_diouxp</name>
         <load_address>0xdb7a</load_address>
         <run_address>0xdb7a</run_address>
         <size>0xca</size>
         <input_file_ref idref="fl-59"/>
      </object_component>
      <object_component id="oc-3d4">
         <name>.text</name>
         <load_address>0xdc44</load_address>
         <run_address>0xdc44</run_address>
         <size>0xc4</size>
         <input_file_ref idref="fl-2f"/>
      </object_component>
      <object_component id="oc-3e4">
         <name>.text:__mspabi_cvtdf</name>
         <load_address>0xdd08</load_address>
         <run_address>0xdd08</run_address>
         <size>0xb4</size>
         <input_file_ref idref="fl-52"/>
      </object_component>
      <object_component id="oc-1b7">
         <name>.text:__mspabi_fltlid</name>
         <load_address>0xddbc</load_address>
         <run_address>0xddbc</run_address>
         <size>0xac</size>
         <input_file_ref idref="fl-4e"/>
      </object_component>
      <object_component id="oc-4b8">
         <name>.text:SSD1306_ShowChar</name>
         <load_address>0xde68</load_address>
         <run_address>0xde68</run_address>
         <size>0x96</size>
         <input_file_ref idref="fl-d"/>
      </object_component>
      <object_component id="oc-259">
         <name>.text:Monitor_Rec_Option</name>
         <load_address>0xdefe</load_address>
         <run_address>0xdefe</run_address>
         <size>0x8a</size>
         <input_file_ref idref="fl-5"/>
      </object_component>
      <object_component id="oc-4de">
         <name>.text:__mspabi_fltuld</name>
         <load_address>0xdf88</load_address>
         <run_address>0xdf88</run_address>
         <size>0x8a</size>
         <input_file_ref idref="fl-50"/>
      </object_component>
      <object_component id="oc-292">
         <name>.text:Monitor_Rows</name>
         <load_address>0xe012</load_address>
         <run_address>0xe012</run_address>
         <size>0x84</size>
         <input_file_ref idref="fl-5"/>
      </object_component>
      <object_component id="oc-34">
         <name>.text:decompress:lzss:__TI_decompress_lzss</name>
         <load_address>0xe096</load_address>
         <run_address>0xe096</run_address>
         <size>0x7c</size>
         <input_file_ref idref="fl-49"/>
      </object_component>
      <object_component id="oc-27a">
         <name>.text:Monitor_Parity</name>
         <load_address>0xe112</load_address>
         <run_address>0xe112</run_address>
         <size>0x7a</size>
         <input_file_ref idref="fl-5"/>
      </object_component>
      <object_component id="oc-1de">
         <name>.text:__mspabi_fixdli</name>
         <load_address>0xe18c</load_address>
         <run_address>0xe18c</run_address>
         <size>0x72</size>
         <input_file_ref idref="fl-4c"/>
      </object_component>
      <object_component id="oc-41b">
         <name>.text:M_gui_update_list</name>
         <load_address>0xe1fe</load_address>
         <run_address>0xe1fe</run_address>
         <size>0x70</size>
         <input_file_ref idref="fl-a"/>
      </object_component>
      <object_component id="oc-3d9">
         <name>.text</name>
         <load_address>0xe26e</load_address>
         <run_address>0xe26e</run_address>
         <size>0x68</size>
         <input_file_ref idref="fl-30"/>
      </object_component>
      <object_component id="oc-2fc">
         <name>.text:l_lsr_const</name>
         <load_address>0xe2d6</load_address>
         <run_address>0xe2d6</run_address>
         <size>0x5c</size>
         <input_file_ref idref="fl-5b"/>
      </object_component>
      <object_component id="oc-2a4">
         <name>.text:M_gui_update_display</name>
         <load_address>0xe332</load_address>
         <run_address>0xe332</run_address>
         <size>0x52</size>
         <input_file_ref idref="fl-a"/>
      </object_component>
      <object_component id="oc-280">
         <name>.text:Monitor_Data_Bits</name>
         <load_address>0xe384</load_address>
         <run_address>0xe384</run_address>
         <size>0x52</size>
         <input_file_ref idref="fl-5"/>
      </object_component>
      <object_component id="oc-28c">
         <name>.text:Monitor_MSB_first</name>
         <load_address>0xe3d6</load_address>
         <run_address>0xe3d6</run_address>
         <size>0x52</size>
         <input_file_ref idref="fl-5"/>
      </object_component>
      <object_component id="oc-286">
         <name>.text:Monitor_Stop_Bits</name>
         <load_address>0xe428</load_address>
         <run_address>0xe428</run_address>
         <size>0x4e</size>
         <input_file_ref idref="fl-5"/>
      </object_component>
      <object_component id="oc-421">
         <name>.text:M_gui_print_sleep_item</name>
         <load_address>0xe476</load_address>
         <run_address>0xe476</run_address>
         <size>0x4c</size>
         <input_file_ref idref="fl-b"/>
      </object_component>
      <object_component id="oc-176">
         <name>.text:Switch_scan</name>
         <load_address>0xe4c2</load_address>
         <run_address>0xe4c2</run_address>
         <size>0x4c</size>
         <input_file_ref idref="fl-8"/>
      </object_component>
      <object_component id="oc-ba">
         <name>.text</name>
         <load_address>0xe50e</load_address>
         <run_address>0xe50e</run_address>
         <size>0x4c</size>
         <input_file_ref idref="fl-3e"/>
      </object_component>
      <object_component id="oc-23b">
         <name>.text:M_gui_init</name>
         <load_address>0xe55a</load_address>
         <run_address>0xe55a</run_address>
         <size>0x4a</size>
         <input_file_ref idref="fl-a"/>
      </object_component>
      <object_component id="oc-394">
         <name>.text:SSD1306_ShowString</name>
         <load_address>0xe5a4</load_address>
         <run_address>0xe5a4</run_address>
         <size>0x4a</size>
         <input_file_ref idref="fl-d"/>
      </object_component>
      <object_component id="oc-1d0">
         <name>.text:__mspabi_srall</name>
         <load_address>0xe5ee</load_address>
         <run_address>0xe5ee</run_address>
         <size>0x4a</size>
         <input_file_ref idref="fl-5d"/>
      </object_component>
      <object_component id="oc-427">
         <name>.text:M_gui_print_select_item</name>
         <load_address>0xe638</load_address>
         <run_address>0xe638</run_address>
         <size>0x48</size>
         <input_file_ref idref="fl-b"/>
      </object_component>
      <object_component id="oc-30e">
         <name>.text:__mspabi_srlll</name>
         <load_address>0xe680</load_address>
         <run_address>0xe680</run_address>
         <size>0x46</size>
         <input_file_ref idref="fl-5f"/>
      </object_component>
      <object_component id="oc-1d6">
         <name>.text:__mspabi_sllll</name>
         <load_address>0xe6c6</load_address>
         <run_address>0xe6c6</run_address>
         <size>0x44</size>
         <input_file_ref idref="fl-5e"/>
      </object_component>
      <object_component id="oc-265">
         <name>.text:Game_start</name>
         <load_address>0xe70a</load_address>
         <run_address>0xe70a</run_address>
         <size>0x42</size>
         <input_file_ref idref="fl-6"/>
      </object_component>
      <object_component id="oc-2bd">
         <name>.text:__TI_auto_init_nobinit_nopinit:__TI_auto_init_nobinit_nopinit</name>
         <load_address>0xe74c</load_address>
         <run_address>0xe74c</run_address>
         <size>0x42</size>
         <input_file_ref idref="fl-42"/>
      </object_component>
      <object_component id="oc-4f0">
         <name>.text:Basket_display</name>
         <load_address>0xe78e</load_address>
         <run_address>0xe78e</run_address>
         <size>0x40</size>
         <input_file_ref idref="fl-6"/>
      </object_component>
      <object_component id="oc-2f7">
         <name>.text:l_lsl_const</name>
         <load_address>0xe7ce</load_address>
         <run_address>0xe7ce</run_address>
         <size>0x3e</size>
         <input_file_ref idref="fl-5a"/>
      </object_component>
      <object_component id="oc-42d">
         <name>.text:M_gui_print_option</name>
         <load_address>0xe80c</load_address>
         <run_address>0xe80c</run_address>
         <size>0x3c</size>
         <input_file_ref idref="fl-b"/>
      </object_component>
      <object_component id="oc-370">
         <name>.text:SSD1306_clear</name>
         <load_address>0xe848</load_address>
         <run_address>0xe848</run_address>
         <size>0x3c</size>
         <input_file_ref idref="fl-e"/>
      </object_component>
      <object_component id="oc-364">
         <name>.text:SSD1306_port_init</name>
         <load_address>0xe884</load_address>
         <run_address>0xe884</run_address>
         <size>0x3c</size>
         <input_file_ref idref="fl-e"/>
      </object_component>
      <object_component id="oc-16f">
         <name>.text:sprintf</name>
         <load_address>0xe8c0</load_address>
         <run_address>0xe8c0</run_address>
         <size>0x38</size>
         <input_file_ref idref="fl-29"/>
      </object_component>
      <object_component id="oc-408">
         <name>.text:BAT_volt_display</name>
         <load_address>0xe8f8</load_address>
         <run_address>0xe8f8</run_address>
         <size>0x36</size>
         <input_file_ref idref="fl-4"/>
      </object_component>
      <object_component id="oc-203">
         <name>.text:SWP14_Onclick</name>
         <load_address>0xe92e</load_address>
         <run_address>0xe92e</run_address>
         <size>0x36</size>
         <input_file_ref idref="fl-8"/>
      </object_component>
      <object_component id="oc-e1">
         <name>.text:USCI0RX_ISR</name>
         <load_address>0xe964</load_address>
         <run_address>0xe964</run_address>
         <size>0x36</size>
         <input_file_ref idref="fl-9"/>
      </object_component>
      <object_component id="oc-29e">
         <name>.text:BAT_measure_display</name>
         <load_address>0xe99a</load_address>
         <run_address>0xe99a</run_address>
         <size>0x34</size>
         <input_file_ref idref="fl-4"/>
      </object_component>
      <object_component id="oc-40e">
         <name>.text:BAT_volt_get</name>
         <load_address>0xe9ce</load_address>
         <run_address>0xe9ce</run_address>
         <size>0x34</size>
         <input_file_ref idref="fl-4"/>
      </object_component>
      <object_component id="oc-2aa">
         <name>.text:M_gui_event_start</name>
         <load_address>0xea02</load_address>
         <run_address>0xea02</run_address>
         <size>0x34</size>
         <input_file_ref idref="fl-a"/>
      </object_component>
      <object_component id="oc-3bf">
         <name>.text:M_gui_print_custom_option</name>
         <load_address>0xea36</load_address>
         <run_address>0xea36</run_address>
         <size>0x32</size>
         <input_file_ref idref="fl-b"/>
      </object_component>
      <object_component id="oc-1fd">
         <name>.text:SWP13_Onclick</name>
         <load_address>0xea68</load_address>
         <run_address>0xea68</run_address>
         <size>0x32</size>
         <input_file_ref idref="fl-8"/>
      </object_component>
      <object_component id="oc-20d">
         <name>.text:Uart_init</name>
         <load_address>0xea9a</load_address>
         <run_address>0xea9a</run_address>
         <size>0x32</size>
         <input_file_ref idref="fl-9"/>
      </object_component>
      <object_component id="oc-1be">
         <name>.text</name>
         <load_address>0xeacc</load_address>
         <run_address>0xeacc</run_address>
         <size>0x2c</size>
         <input_file_ref idref="fl-2a"/>
      </object_component>
      <object_component id="oc-389">
         <name>.text</name>
         <load_address>0xeaf8</load_address>
         <run_address>0xeaf8</run_address>
         <size>0x2c</size>
         <input_file_ref idref="fl-2b"/>
      </object_component>
      <object_component id="oc-b5">
         <name>.text</name>
         <load_address>0xeb24</load_address>
         <run_address>0xeb24</run_address>
         <size>0x2c</size>
         <input_file_ref idref="fl-3d"/>
      </object_component>
      <object_component id="oc-414">
         <name>.text:BAT_charging_display</name>
         <load_address>0xeb50</load_address>
         <run_address>0xeb50</run_address>
         <size>0x2a</size>
         <input_file_ref idref="fl-4"/>
      </object_component>
      <object_component id="oc-36a">
         <name>.text:SSD1306_write_cmd</name>
         <load_address>0xeb7a</load_address>
         <run_address>0xeb7a</run_address>
         <size>0x2a</size>
         <input_file_ref idref="fl-e"/>
      </object_component>
      <object_component id="oc-4a4">
         <name>.text:SSD1306_write_data</name>
         <load_address>0xeba4</load_address>
         <run_address>0xeba4</run_address>
         <size>0x2a</size>
         <input_file_ref idref="fl-e"/>
      </object_component>
      <object_component id="oc-3c5">
         <name>.text:ADC10_in</name>
         <load_address>0xebce</load_address>
         <run_address>0xebce</run_address>
         <size>0x28</size>
         <input_file_ref idref="fl-3"/>
      </object_component>
      <object_component id="oc-241">
         <name>.text:M_gui_creat_item</name>
         <load_address>0xebf6</load_address>
         <run_address>0xebf6</run_address>
         <size>0x28</size>
         <input_file_ref idref="fl-a"/>
      </object_component>
      <object_component id="oc-4e7">
         <name>.text:SSD1306_set_pos</name>
         <load_address>0xec1e</load_address>
         <run_address>0xec1e</run_address>
         <size>0x28</size>
         <input_file_ref idref="fl-e"/>
      </object_component>
      <object_component id="oc-165">
         <name>.text:__mspabi_fixdi</name>
         <load_address>0xec46</load_address>
         <run_address>0xec46</run_address>
         <size>0x28</size>
         <input_file_ref idref="fl-4b"/>
      </object_component>
      <object_component id="oc-232">
         <name>.text:Uart_TX</name>
         <load_address>0xec6e</load_address>
         <run_address>0xec6e</run_address>
         <size>0x26</size>
         <input_file_ref idref="fl-9"/>
      </object_component>
      <object_component id="oc-46d">
         <name>.text</name>
         <load_address>0xec94</load_address>
         <run_address>0xec94</run_address>
         <size>0x26</size>
         <input_file_ref idref="fl-40"/>
      </object_component>
      <object_component id="oc-3cf">
         <name>.text</name>
         <load_address>0xecba</load_address>
         <run_address>0xecba</run_address>
         <size>0x24</size>
         <input_file_ref idref="fl-31"/>
      </object_component>
      <object_component id="oc-472">
         <name>.text:__mpyul</name>
         <load_address>0xecde</load_address>
         <run_address>0xecde</run_address>
         <size>0x22</size>
         <input_file_ref idref="fl-64"/>
      </object_component>
      <object_component id="oc-489">
         <name>.text:memccpy</name>
         <load_address>0xed00</load_address>
         <run_address>0xed00</run_address>
         <size>0x22</size>
         <input_file_ref idref="fl-61"/>
      </object_component>
      <object_component id="oc-298">
         <name>.text:Monitor_Option_Exit</name>
         <load_address>0xed22</load_address>
         <run_address>0xed22</run_address>
         <size>0x1e</size>
         <input_file_ref idref="fl-5"/>
      </object_component>
      <object_component id="oc-309">
         <name>.text:__mpyull</name>
         <load_address>0xed40</load_address>
         <run_address>0xed40</run_address>
         <size>0x1e</size>
         <input_file_ref idref="fl-62"/>
      </object_component>
      <object_component id="oc-247">
         <name>.text:M_gui_creat_option</name>
         <load_address>0xed5e</load_address>
         <run_address>0xed5e</run_address>
         <size>0x1c</size>
         <input_file_ref idref="fl-a"/>
      </object_component>
      <object_component id="oc-3a5">
         <name>.text:M_gui_event_start_no_clear_display</name>
         <load_address>0xed7a</load_address>
         <run_address>0xed7a</run_address>
         <size>0x1c</size>
         <input_file_ref idref="fl-a"/>
      </object_component>
      <object_component id="oc-105">
         <name>.text:_c_int00_noargs</name>
         <load_address>0xed96</load_address>
         <run_address>0xed96</run_address>
         <size>0x1c</size>
         <input_file_ref idref="fl-41"/>
      </object_component>
      <object_component id="oc-349">
         <name>.text:M_gui_select_item_next</name>
         <load_address>0xedb2</load_address>
         <run_address>0xedb2</run_address>
         <size>0x1a</size>
         <input_file_ref idref="fl-a"/>
      </object_component>
      <object_component id="oc-ed">
         <name>.text:WDT_ISR</name>
         <load_address>0xedcc</load_address>
         <run_address>0xedcc</run_address>
         <size>0x1a</size>
         <input_file_ref idref="fl-8"/>
      </object_component>
      <object_component id="oc-1e8">
         <name>.text:_outs</name>
         <load_address>0xede6</load_address>
         <run_address>0xede6</run_address>
         <size>0x1a</size>
         <input_file_ref idref="fl-29"/>
      </object_component>
      <object_component id="oc-4b1">
         <name>.text</name>
         <load_address>0xee00</load_address>
         <run_address>0xee00</run_address>
         <size>0x16</size>
         <input_file_ref idref="fl-2c"/>
      </object_component>
      <object_component id="oc-213">
         <name>.text:ADC10_init</name>
         <load_address>0xee16</load_address>
         <run_address>0xee16</run_address>
         <size>0x14</size>
         <input_file_ref idref="fl-3"/>
      </object_component>
      <object_component id="oc-f3">
         <name>.text:decompress:ZI:__TI_zero_init_nomemset:__TI_zero_init_nomemset</name>
         <load_address>0xee2a</load_address>
         <run_address>0xee2a</run_address>
         <size>0x14</size>
         <input_file_ref idref="fl-43"/>
      </object_component>
      <object_component id="oc-39d">
         <name>.text:memset</name>
         <load_address>0xee3e</load_address>
         <run_address>0xee3e</run_address>
         <size>0x14</size>
         <input_file_ref idref="fl-57"/>
      </object_component>
      <object_component id="oc-38e">
         <name>.text</name>
         <load_address>0xee52</load_address>
         <run_address>0xee52</run_address>
         <size>0x14</size>
         <input_file_ref idref="fl-3f"/>
      </object_component>
      <object_component id="oc-359">
         <name>.text:Game_stop</name>
         <load_address>0xee66</load_address>
         <run_address>0xee66</run_address>
         <size>0x12</size>
         <input_file_ref idref="fl-6"/>
      </object_component>
      <object_component id="oc-350">
         <name>.text:M_gui_enter_exit_event</name>
         <load_address>0xee78</load_address>
         <run_address>0xee78</run_address>
         <size>0x12</size>
         <input_file_ref idref="fl-a"/>
      </object_component>
      <object_component id="oc-21f">
         <name>.text:Switch_init</name>
         <load_address>0xee8a</load_address>
         <run_address>0xee8a</run_address>
         <size>0x12</size>
         <input_file_ref idref="fl-8"/>
      </object_component>
      <object_component id="oc-1ee">
         <name>.text:_outc</name>
         <load_address>0xee9c</load_address>
         <run_address>0xee9c</run_address>
         <size>0x12</size>
         <input_file_ref idref="fl-29"/>
      </object_component>
      <object_component id="oc-3a">
         <name>.text:decompress:none:__TI_decompress_none</name>
         <load_address>0xeeae</load_address>
         <run_address>0xeeae</run_address>
         <size>0x12</size>
         <input_file_ref idref="fl-48"/>
      </object_component>
      <object_component id="oc-31b">
         <name>.text:l_lsr</name>
         <load_address>0xeec0</load_address>
         <run_address>0xeec0</run_address>
         <size>0x12</size>
         <input_file_ref idref="fl-5b"/>
      </object_component>
      <object_component id="oc-cf">
         <name>.text:memcpy</name>
         <load_address>0xeed2</load_address>
         <run_address>0xeed2</run_address>
         <size>0x12</size>
         <input_file_ref idref="fl-56"/>
      </object_component>
      <object_component id="oc-219">
         <name>.text:BAT_measure_init</name>
         <load_address>0xeee4</load_address>
         <run_address>0xeee4</run_address>
         <size>0x10</size>
         <input_file_ref idref="fl-4"/>
      </object_component>
      <object_component id="oc-bf">
         <name>.text</name>
         <load_address>0xeef4</load_address>
         <run_address>0xeef4</run_address>
         <size>0x10</size>
         <input_file_ref idref="fl-2e"/>
      </object_component>
      <object_component id="oc-253">
         <name>.text:M_gui_set_event</name>
         <load_address>0xef04</load_address>
         <run_address>0xef04</run_address>
         <size>0xe</size>
         <input_file_ref idref="fl-a"/>
      </object_component>
      <object_component id="oc-32f">
         <name>.text:strlen</name>
         <load_address>0xef12</load_address>
         <run_address>0xef12</run_address>
         <size>0xe</size>
         <input_file_ref idref="fl-58"/>
      </object_component>
      <object_component id="oc-153">
         <name>.text:__mspabi_fltid</name>
         <load_address>0xef20</load_address>
         <run_address>0xef20</run_address>
         <size>0xc</size>
         <input_file_ref idref="fl-4d"/>
      </object_component>
      <object_component id="oc-498">
         <name>.text:M_gui_enter_event</name>
         <load_address>0xef2c</load_address>
         <run_address>0xef2c</run_address>
         <size>0xa</size>
         <input_file_ref idref="fl-a"/>
      </object_component>
      <object_component id="oc-3f5">
         <name>.text:M_gui_exit_event</name>
         <load_address>0xef36</load_address>
         <run_address>0xef36</run_address>
         <size>0xa</size>
         <input_file_ref idref="fl-a"/>
      </object_component>
      <object_component id="oc-4d1">
         <name>.text:M_gui_print_string</name>
         <load_address>0xef40</load_address>
         <run_address>0xef40</run_address>
         <size>0x8</size>
         <input_file_ref idref="fl-b"/>
      </object_component>
      <object_component id="oc-22b">
         <name>.text:TA0_init</name>
         <load_address>0xef48</load_address>
         <run_address>0xef48</run_address>
         <size>0x8</size>
         <input_file_ref idref="fl-6"/>
      </object_component>
      <object_component id="oc-dc">
         <name>.text:_isr:__TI_ISR_TRAP</name>
         <load_address>0xef50</load_address>
         <run_address>0xef50</run_address>
         <size>0x8</size>
         <input_file_ref idref="fl-3c"/>
      </object_component>
      <object_component id="oc-26b">
         <name>.text:M_gui_active</name>
         <load_address>0xef58</load_address>
         <run_address>0xef58</run_address>
         <size>0x6</size>
         <input_file_ref idref="fl-a"/>
      </object_component>
      <object_component id="oc-401">
         <name>.text:M_gui_sleep</name>
         <load_address>0xef5e</load_address>
         <run_address>0xef5e</run_address>
         <size>0x6</size>
         <input_file_ref idref="fl-a"/>
      </object_component>
      <object_component id="oc-3de">
         <name>.text:__mspabi_fltud</name>
         <load_address>0xef64</load_address>
         <run_address>0xef64</run_address>
         <size>0x6</size>
         <input_file_ref idref="fl-4f"/>
      </object_component>
      <object_component id="oc-2b1">
         <name>.text:abort</name>
         <load_address>0xef6a</load_address>
         <run_address>0xef6a</run_address>
         <size>0x6</size>
         <input_file_ref idref="fl-53"/>
      </object_component>
      <object_component id="oc-185">
         <name>.text:_system_pre_init</name>
         <load_address>0xef70</load_address>
         <run_address>0xef70</run_address>
         <size>0x4</size>
         <input_file_ref idref="fl-46"/>
      </object_component>
      <object_component id="oc-380">
         <name>.text:M_gui_ERROR</name>
         <load_address>0xef74</load_address>
         <run_address>0xef74</run_address>
         <size>0x2</size>
         <input_file_ref idref="fl-b"/>
      </object_component>
      <object_component id="oc-447">
         <name>.text:_system_post_cinit</name>
         <load_address>0xef76</load_address>
         <run_address>0xef76</run_address>
         <size>0x2</size>
         <input_file_ref idref="fl-47"/>
      </object_component>
      <object_component id="oc-5c0">
         <name>.cinit..data.load</name>
         <load_address>0xf456</load_address>
         <run_address>0xf456</run_address>
         <size>0x3f</size>
      </object_component>
      <object_component id="oc-5bd">
         <name>__TI_handler_table</name>
         <load_address>0xf496</load_address>
         <run_address>0xf496</run_address>
         <size>0x6</size>
      </object_component>
      <object_component id="oc-5bf">
         <name>.cinit..bss.load</name>
         <load_address>0xf49c</load_address>
         <run_address>0xf49c</run_address>
         <size>0x4</size>
      </object_component>
      <object_component id="oc-5be">
         <name>__TI_cinit_table</name>
         <load_address>0xf4a0</load_address>
         <run_address>0xf4a0</run_address>
         <size>0x8</size>
      </object_component>
      <object_component id="oc-54e">
         <name>.const:asc2_0806</name>
         <load_address>0xef78</load_address>
         <run_address>0xef78</run_address>
         <size>0x228</size>
         <input_file_ref idref="fl-c"/>
      </object_component>
      <object_component id="oc-3be">
         <name>.const:.string</name>
         <load_address>0xf1a0</load_address>
         <run_address>0xf1a0</run_address>
         <size>0xba</size>
         <input_file_ref idref="fl-5"/>
      </object_component>
      <object_component id="oc-231">
         <name>.const:.string</name>
         <load_address>0xf25a</load_address>
         <run_address>0xf25a</run_address>
         <size>0x96</size>
         <input_file_ref idref="fl-2"/>
      </object_component>
      <object_component id="oc-502">
         <name>.const:BAT_IMG</name>
         <load_address>0xf2f0</load_address>
         <run_address>0xf2f0</run_address>
         <size>0x55</size>
         <input_file_ref idref="fl-c"/>
      </object_component>
      <object_component id="oc-37f">
         <name>.const:.string</name>
         <load_address>0xf346</load_address>
         <run_address>0xf346</run_address>
         <size>0x52</size>
         <input_file_ref idref="fl-a"/>
      </object_component>
      <object_component id="oc-16b">
         <name>.const:.string</name>
         <load_address>0xf398</load_address>
         <run_address>0xf398</run_address>
         <size>0x48</size>
         <input_file_ref idref="fl-6"/>
      </object_component>
      <object_component id="oc-37b">
         <name>.const:$P$T0$1</name>
         <load_address>0xf3e0</load_address>
         <run_address>0xf3e0</run_address>
         <size>0x2c</size>
         <input_file_ref idref="fl-a"/>
      </object_component>
      <object_component id="oc-393">
         <name>.const:.string</name>
         <load_address>0xf40c</load_address>
         <run_address>0xf40c</run_address>
         <size>0x16</size>
         <input_file_ref idref="fl-7"/>
      </object_component>
      <object_component id="oc-482">
         <name>.const:.string</name>
         <load_address>0xf422</load_address>
         <run_address>0xf422</run_address>
         <size>0x14</size>
         <input_file_ref idref="fl-59"/>
      </object_component>
      <object_component id="oc-55f">
         <name>.const:.string:basket_IMG</name>
         <load_address>0xf436</load_address>
         <run_address>0xf436</run_address>
         <size>0xc</size>
         <input_file_ref idref="fl-c"/>
      </object_component>
      <object_component id="oc-4ed">
         <name>.const:.string:egg_IMG</name>
         <load_address>0xf442</load_address>
         <run_address>0xf442</run_address>
         <size>0xc</size>
         <input_file_ref idref="fl-c"/>
      </object_component>
      <object_component id="oc-50a">
         <name>.const:.string</name>
         <load_address>0xf44e</load_address>
         <run_address>0xf44e</run_address>
         <size>0x8</size>
         <input_file_ref idref="fl-b"/>
      </object_component>
      <object_component id="oc-57f">
         <name>.binit</name>
         <load_address>0xc000</load_address>
         <run_address>0xc000</run_address>
         <size>0x0</size>
      </object_component>
      <object_component id="oc-40">
         <name>.int00</name>
         <load_address>0xffe0</load_address>
         <run_address>0xffe0</run_address>
         <size>0x2</size>
         <input_file_ref idref="fl-32"/>
      </object_component>
      <object_component id="oc-41">
         <name>.int02</name>
         <load_address>0xffe4</load_address>
         <run_address>0xffe4</run_address>
         <size>0x2</size>
         <input_file_ref idref="fl-33"/>
      </object_component>
      <object_component id="oc-42">
         <name>.int03</name>
         <load_address>0xffe6</load_address>
         <run_address>0xffe6</run_address>
         <size>0x2</size>
         <input_file_ref idref="fl-34"/>
      </object_component>
      <object_component id="oc-43">
         <name>.int05</name>
         <load_address>0xffea</load_address>
         <run_address>0xffea</run_address>
         <size>0x2</size>
         <input_file_ref idref="fl-35"/>
      </object_component>
      <object_component id="oc-44">
         <name>.int06</name>
         <load_address>0xffec</load_address>
         <run_address>0xffec</run_address>
         <size>0x2</size>
         <input_file_ref idref="fl-36"/>
      </object_component>
      <object_component id="oc-45">
         <name>.int07</name>
         <load_address>0xffee</load_address>
         <run_address>0xffee</run_address>
         <size>0x2</size>
         <input_file_ref idref="fl-9"/>
      </object_component>
      <object_component id="oc-46">
         <name>.int08</name>
         <load_address>0xfff0</load_address>
         <run_address>0xfff0</run_address>
         <size>0x2</size>
         <input_file_ref idref="fl-6"/>
      </object_component>
      <object_component id="oc-47">
         <name>.int09</name>
         <load_address>0xfff2</load_address>
         <run_address>0xfff2</run_address>
         <size>0x2</size>
         <input_file_ref idref="fl-37"/>
      </object_component>
      <object_component id="oc-48">
         <name>.int10</name>
         <load_address>0xfff4</load_address>
         <run_address>0xfff4</run_address>
         <size>0x2</size>
         <input_file_ref idref="fl-8"/>
      </object_component>
      <object_component id="oc-49">
         <name>.int11</name>
         <load_address>0xfff6</load_address>
         <run_address>0xfff6</run_address>
         <size>0x2</size>
         <input_file_ref idref="fl-38"/>
      </object_component>
      <object_component id="oc-4a">
         <name>.int12</name>
         <load_address>0xfff8</load_address>
         <run_address>0xfff8</run_address>
         <size>0x2</size>
         <input_file_ref idref="fl-39"/>
      </object_component>
      <object_component id="oc-4b">
         <name>.int13</name>
         <load_address>0xfffa</load_address>
         <run_address>0xfffa</run_address>
         <size>0x2</size>
         <input_file_ref idref="fl-3a"/>
      </object_component>
      <object_component id="oc-4c">
         <name>.int14</name>
         <load_address>0xfffc</load_address>
         <run_address>0xfffc</run_address>
         <size>0x2</size>
         <input_file_ref idref="fl-3b"/>
      </object_component>
      <object_component id="oc-b4">
         <name>.reset</name>
         <load_address>0xfffe</load_address>
         <run_address>0xfffe</run_address>
         <size>0x2</size>
         <input_file_ref idref="fl-41"/>
      </object_component>
      <object_component id="oc-239">
         <name>.debug_info</name>
         <load_address>0x0</load_address>
         <run_address>0x0</run_address>
         <size>0x6ad</size>
         <input_file_ref idref="fl-2"/>
      </object_component>
      <object_component id="oc-18c">
         <name>.debug_info</name>
         <load_address>0x6ad</load_address>
         <run_address>0x6ad</run_address>
         <size>0x471</size>
         <input_file_ref idref="fl-2"/>
      </object_component>
      <object_component id="oc-323">
         <name>.debug_info</name>
         <load_address>0xb1e</load_address>
         <run_address>0xb1e</run_address>
         <size>0xd6</size>
         <input_file_ref idref="fl-2"/>
      </object_component>
      <object_component id="oc-ca">
         <name>.debug_info</name>
         <load_address>0xbf4</load_address>
         <run_address>0xbf4</run_address>
         <size>0x84</size>
         <input_file_ref idref="fl-2"/>
      </object_component>
      <object_component id="oc-214">
         <name>.debug_info</name>
         <load_address>0xc78</load_address>
         <run_address>0xc78</run_address>
         <size>0x10c</size>
         <input_file_ref idref="fl-3"/>
      </object_component>
      <object_component id="oc-3c7">
         <name>.debug_info</name>
         <load_address>0xd84</load_address>
         <run_address>0xd84</run_address>
         <size>0x13f</size>
         <input_file_ref idref="fl-3"/>
      </object_component>
      <object_component id="oc-40f">
         <name>.debug_info</name>
         <load_address>0xec3</load_address>
         <run_address>0xec3</run_address>
         <size>0x165</size>
         <input_file_ref idref="fl-4"/>
      </object_component>
      <object_component id="oc-409">
         <name>.debug_info</name>
         <load_address>0x1028</load_address>
         <run_address>0x1028</run_address>
         <size>0x1aa</size>
         <input_file_ref idref="fl-4"/>
      </object_component>
      <object_component id="oc-21a">
         <name>.debug_info</name>
         <load_address>0x11d2</load_address>
         <run_address>0x11d2</run_address>
         <size>0x11e</size>
         <input_file_ref idref="fl-4"/>
      </object_component>
      <object_component id="oc-415">
         <name>.debug_info</name>
         <load_address>0x12f0</load_address>
         <run_address>0x12f0</run_address>
         <size>0x17d</size>
         <input_file_ref idref="fl-4"/>
      </object_component>
      <object_component id="oc-29f">
         <name>.debug_info</name>
         <load_address>0x146d</load_address>
         <run_address>0x146d</run_address>
         <size>0x1c7</size>
         <input_file_ref idref="fl-4"/>
      </object_component>
      <object_component id="oc-272">
         <name>.debug_info</name>
         <load_address>0x1634</load_address>
         <run_address>0x1634</run_address>
         <size>0x56e</size>
         <input_file_ref idref="fl-5"/>
      </object_component>
      <object_component id="oc-3cc">
         <name>.debug_info</name>
         <load_address>0x1ba2</load_address>
         <run_address>0x1ba2</run_address>
         <size>0x1c4</size>
         <input_file_ref idref="fl-5"/>
      </object_component>
      <object_component id="oc-3ac">
         <name>.debug_info</name>
         <load_address>0x1d66</load_address>
         <run_address>0x1d66</run_address>
         <size>0xd4</size>
         <input_file_ref idref="fl-5"/>
      </object_component>
      <object_component id="oc-3af">
         <name>.debug_info</name>
         <load_address>0x1e3a</load_address>
         <run_address>0x1e3a</run_address>
         <size>0xd8</size>
         <input_file_ref idref="fl-5"/>
      </object_component>
      <object_component id="oc-3b2">
         <name>.debug_info</name>
         <load_address>0x1f12</load_address>
         <run_address>0x1f12</run_address>
         <size>0xdc</size>
         <input_file_ref idref="fl-5"/>
      </object_component>
      <object_component id="oc-3b5">
         <name>.debug_info</name>
         <load_address>0x1fee</load_address>
         <run_address>0x1fee</run_address>
         <size>0xdc</size>
         <input_file_ref idref="fl-5"/>
      </object_component>
      <object_component id="oc-3b8">
         <name>.debug_info</name>
         <load_address>0x20ca</load_address>
         <run_address>0x20ca</run_address>
         <size>0xd2</size>
         <input_file_ref idref="fl-5"/>
      </object_component>
      <object_component id="oc-3bb">
         <name>.debug_info</name>
         <load_address>0x219c</load_address>
         <run_address>0x219c</run_address>
         <size>0xd4</size>
         <input_file_ref idref="fl-5"/>
      </object_component>
      <object_component id="oc-288">
         <name>.debug_info</name>
         <load_address>0x2270</load_address>
         <run_address>0x2270</run_address>
         <size>0x14d</size>
         <input_file_ref idref="fl-5"/>
      </object_component>
      <object_component id="oc-293">
         <name>.debug_info</name>
         <load_address>0x23bd</load_address>
         <run_address>0x23bd</run_address>
         <size>0x15f</size>
         <input_file_ref idref="fl-5"/>
      </object_component>
      <object_component id="oc-25a">
         <name>.debug_info</name>
         <load_address>0x251c</load_address>
         <run_address>0x251c</run_address>
         <size>0x223</size>
         <input_file_ref idref="fl-5"/>
      </object_component>
      <object_component id="oc-27b">
         <name>.debug_info</name>
         <load_address>0x273f</load_address>
         <run_address>0x273f</run_address>
         <size>0x155</size>
         <input_file_ref idref="fl-5"/>
      </object_component>
      <object_component id="oc-299">
         <name>.debug_info</name>
         <load_address>0x2894</load_address>
         <run_address>0x2894</run_address>
         <size>0x15e</size>
         <input_file_ref idref="fl-5"/>
      </object_component>
      <object_component id="oc-28d">
         <name>.debug_info</name>
         <load_address>0x29f2</load_address>
         <run_address>0x29f2</run_address>
         <size>0x14d</size>
         <input_file_ref idref="fl-5"/>
      </object_component>
      <object_component id="oc-281">
         <name>.debug_info</name>
         <load_address>0x2b3f</load_address>
         <run_address>0x2b3f</run_address>
         <size>0x14d</size>
         <input_file_ref idref="fl-5"/>
      </object_component>
      <object_component id="oc-275">
         <name>.debug_info</name>
         <load_address>0x2c8c</load_address>
         <run_address>0x2c8c</run_address>
         <size>0x189</size>
         <input_file_ref idref="fl-5"/>
      </object_component>
      <object_component id="oc-260">
         <name>.debug_info</name>
         <load_address>0x2e15</load_address>
         <run_address>0x2e15</run_address>
         <size>0x4d2</size>
         <input_file_ref idref="fl-5"/>
      </object_component>
      <object_component id="oc-328">
         <name>.debug_info</name>
         <load_address>0x32e7</load_address>
         <run_address>0x32e7</run_address>
         <size>0x26b</size>
         <input_file_ref idref="fl-5"/>
      </object_component>
      <object_component id="oc-47b">
         <name>.debug_info</name>
         <load_address>0x3552</load_address>
         <run_address>0x3552</run_address>
         <size>0x282</size>
         <input_file_ref idref="fl-5"/>
      </object_component>
      <object_component id="oc-548">
         <name>.debug_info</name>
         <load_address>0x37d4</load_address>
         <run_address>0x37d4</run_address>
         <size>0xcc</size>
         <input_file_ref idref="fl-5"/>
      </object_component>
      <object_component id="oc-33d">
         <name>.debug_info</name>
         <load_address>0x38a0</load_address>
         <run_address>0x38a0</run_address>
         <size>0x2c</size>
         <input_file_ref idref="fl-5"/>
      </object_component>
      <object_component id="oc-1e7">
         <name>.debug_info</name>
         <load_address>0x38cc</load_address>
         <run_address>0x38cc</run_address>
         <size>0x399</size>
         <input_file_ref idref="fl-6"/>
      </object_component>
      <object_component id="oc-151">
         <name>.debug_info</name>
         <load_address>0x3c65</load_address>
         <run_address>0x3c65</run_address>
         <size>0x3f8</size>
         <input_file_ref idref="fl-6"/>
      </object_component>
      <object_component id="oc-16d">
         <name>.debug_info</name>
         <load_address>0x405d</load_address>
         <run_address>0x405d</run_address>
         <size>0xdf</size>
         <input_file_ref idref="fl-6"/>
      </object_component>
      <object_component id="oc-e9">
         <name>.debug_info</name>
         <load_address>0x413c</load_address>
         <run_address>0x413c</run_address>
         <size>0x208</size>
         <input_file_ref idref="fl-6"/>
      </object_component>
      <object_component id="oc-22e">
         <name>.debug_info</name>
         <load_address>0x4344</load_address>
         <run_address>0x4344</run_address>
         <size>0x105</size>
         <input_file_ref idref="fl-6"/>
      </object_component>
      <object_component id="oc-35b">
         <name>.debug_info</name>
         <load_address>0x4449</load_address>
         <run_address>0x4449</run_address>
         <size>0x121</size>
         <input_file_ref idref="fl-6"/>
      </object_component>
      <object_component id="oc-4f2">
         <name>.debug_info</name>
         <load_address>0x456a</load_address>
         <run_address>0x456a</run_address>
         <size>0x1bf</size>
         <input_file_ref idref="fl-6"/>
      </object_component>
      <object_component id="oc-4f7">
         <name>.debug_info</name>
         <load_address>0x4729</load_address>
         <run_address>0x4729</run_address>
         <size>0x2e1</size>
         <input_file_ref idref="fl-6"/>
      </object_component>
      <object_component id="oc-3ee">
         <name>.debug_info</name>
         <load_address>0x4a0a</load_address>
         <run_address>0x4a0a</run_address>
         <size>0x312</size>
         <input_file_ref idref="fl-6"/>
      </object_component>
      <object_component id="oc-266">
         <name>.debug_info</name>
         <load_address>0x4d1c</load_address>
         <run_address>0x4d1c</run_address>
         <size>0x143</size>
         <input_file_ref idref="fl-6"/>
      </object_component>
      <object_component id="oc-468">
         <name>.debug_info</name>
         <load_address>0x4e5f</load_address>
         <run_address>0x4e5f</run_address>
         <size>0x21c</size>
         <input_file_ref idref="fl-7"/>
      </object_component>
      <object_component id="oc-357">
         <name>.debug_info</name>
         <load_address>0x507b</load_address>
         <run_address>0x507b</run_address>
         <size>0x14f</size>
         <input_file_ref idref="fl-7"/>
      </object_component>
      <object_component id="oc-39b">
         <name>.debug_info</name>
         <load_address>0x51ca</load_address>
         <run_address>0x51ca</run_address>
         <size>0xdc</size>
         <input_file_ref idref="fl-7"/>
      </object_component>
      <object_component id="oc-251">
         <name>.debug_info</name>
         <load_address>0x52a6</load_address>
         <run_address>0x52a6</run_address>
         <size>0x210</size>
         <input_file_ref idref="fl-7"/>
      </object_component>
      <object_component id="oc-13c">
         <name>.debug_info</name>
         <load_address>0x54b6</load_address>
         <run_address>0x54b6</run_address>
         <size>0x2c</size>
         <input_file_ref idref="fl-7"/>
      </object_component>
      <object_component id="oc-2f2">
         <name>.debug_info</name>
         <load_address>0x54e2</load_address>
         <run_address>0x54e2</run_address>
         <size>0x35</size>
         <input_file_ref idref="fl-7"/>
      </object_component>
      <object_component id="oc-1fe">
         <name>.debug_info</name>
         <load_address>0x5517</load_address>
         <run_address>0x5517</run_address>
         <size>0x14f</size>
         <input_file_ref idref="fl-8"/>
      </object_component>
      <object_component id="oc-204">
         <name>.debug_info</name>
         <load_address>0x5666</load_address>
         <run_address>0x5666</run_address>
         <size>0x15f</size>
         <input_file_ref idref="fl-8"/>
      </object_component>
      <object_component id="oc-177">
         <name>.debug_info</name>
         <load_address>0x57c5</load_address>
         <run_address>0x57c5</run_address>
         <size>0x1b5</size>
         <input_file_ref idref="fl-8"/>
      </object_component>
      <object_component id="oc-ee">
         <name>.debug_info</name>
         <load_address>0x597a</load_address>
         <run_address>0x597a</run_address>
         <size>0x11c</size>
         <input_file_ref idref="fl-8"/>
      </object_component>
      <object_component id="oc-220">
         <name>.debug_info</name>
         <load_address>0x5a96</load_address>
         <run_address>0x5a96</run_address>
         <size>0x111</size>
         <input_file_ref idref="fl-8"/>
      </object_component>
      <object_component id="oc-1b4">
         <name>.debug_info</name>
         <load_address>0x5ba7</load_address>
         <run_address>0x5ba7</run_address>
         <size>0x291</size>
         <input_file_ref idref="fl-9"/>
      </object_component>
      <object_component id="oc-14d">
         <name>.debug_info</name>
         <load_address>0x5e38</load_address>
         <run_address>0x5e38</run_address>
         <size>0xcf</size>
         <input_file_ref idref="fl-9"/>
      </object_component>
      <object_component id="oc-14a">
         <name>.debug_info</name>
         <load_address>0x5f07</load_address>
         <run_address>0x5f07</run_address>
         <size>0xfa</size>
         <input_file_ref idref="fl-9"/>
      </object_component>
      <object_component id="oc-20e">
         <name>.debug_info</name>
         <load_address>0x6001</load_address>
         <run_address>0x6001</run_address>
         <size>0x107</size>
         <input_file_ref idref="fl-9"/>
      </object_component>
      <object_component id="oc-233">
         <name>.debug_info</name>
         <load_address>0x6108</load_address>
         <run_address>0x6108</run_address>
         <size>0x14c</size>
         <input_file_ref idref="fl-9"/>
      </object_component>
      <object_component id="oc-e5">
         <name>.debug_info</name>
         <load_address>0x6254</load_address>
         <run_address>0x6254</run_address>
         <size>0x10c</size>
         <input_file_ref idref="fl-9"/>
      </object_component>
      <object_component id="oc-387">
         <name>.debug_info</name>
         <load_address>0x6360</load_address>
         <run_address>0x6360</run_address>
         <size>0x29c</size>
         <input_file_ref idref="fl-a"/>
      </object_component>
      <object_component id="oc-4fe">
         <name>.debug_info</name>
         <load_address>0x65fc</load_address>
         <run_address>0x65fc</run_address>
         <size>0xe6</size>
         <input_file_ref idref="fl-a"/>
      </object_component>
      <object_component id="oc-37c">
         <name>.debug_info</name>
         <load_address>0x66e2</load_address>
         <run_address>0x66e2</run_address>
         <size>0xdd</size>
         <input_file_ref idref="fl-a"/>
      </object_component>
      <object_component id="oc-41e">
         <name>.debug_info</name>
         <load_address>0x67bf</load_address>
         <run_address>0x67bf</run_address>
         <size>0x18c</size>
         <input_file_ref idref="fl-a"/>
      </object_component>
      <object_component id="oc-2a7">
         <name>.debug_info</name>
         <load_address>0x694b</load_address>
         <run_address>0x694b</run_address>
         <size>0x1ef</size>
         <input_file_ref idref="fl-a"/>
      </object_component>
      <object_component id="oc-403">
         <name>.debug_info</name>
         <load_address>0x6b3a</load_address>
         <run_address>0x6b3a</run_address>
         <size>0x154</size>
         <input_file_ref idref="fl-a"/>
      </object_component>
      <object_component id="oc-256">
         <name>.debug_info</name>
         <load_address>0x6c8e</load_address>
         <run_address>0x6c8e</run_address>
         <size>0x198</size>
         <input_file_ref idref="fl-a"/>
      </object_component>
      <object_component id="oc-34c">
         <name>.debug_info</name>
         <load_address>0x6e26</load_address>
         <run_address>0x6e26</run_address>
         <size>0x16a</size>
         <input_file_ref idref="fl-a"/>
      </object_component>
      <object_component id="oc-23c">
         <name>.debug_info</name>
         <load_address>0x6f90</load_address>
         <run_address>0x6f90</run_address>
         <size>0x16b</size>
         <input_file_ref idref="fl-a"/>
      </object_component>
      <object_component id="oc-3f7">
         <name>.debug_info</name>
         <load_address>0x70fb</load_address>
         <run_address>0x70fb</run_address>
         <size>0x15e</size>
         <input_file_ref idref="fl-a"/>
      </object_component>
      <object_component id="oc-3a7">
         <name>.debug_info</name>
         <load_address>0x7259</load_address>
         <run_address>0x7259</run_address>
         <size>0x189</size>
         <input_file_ref idref="fl-a"/>
      </object_component>
      <object_component id="oc-2ac">
         <name>.debug_info</name>
         <load_address>0x73e2</load_address>
         <run_address>0x73e2</run_address>
         <size>0x1a6</size>
         <input_file_ref idref="fl-a"/>
      </object_component>
      <object_component id="oc-49b">
         <name>.debug_info</name>
         <load_address>0x7588</load_address>
         <run_address>0x7588</run_address>
         <size>0x160</size>
         <input_file_ref idref="fl-a"/>
      </object_component>
      <object_component id="oc-352">
         <name>.debug_info</name>
         <load_address>0x76e8</load_address>
         <run_address>0x76e8</run_address>
         <size>0x199</size>
         <input_file_ref idref="fl-a"/>
      </object_component>
      <object_component id="oc-24a">
         <name>.debug_info</name>
         <load_address>0x7881</load_address>
         <run_address>0x7881</run_address>
         <size>0x1b4</size>
         <input_file_ref idref="fl-a"/>
      </object_component>
      <object_component id="oc-244">
         <name>.debug_info</name>
         <load_address>0x7a35</load_address>
         <run_address>0x7a35</run_address>
         <size>0x1b8</size>
         <input_file_ref idref="fl-a"/>
      </object_component>
      <object_component id="oc-26d">
         <name>.debug_info</name>
         <load_address>0x7bed</load_address>
         <run_address>0x7bed</run_address>
         <size>0x156</size>
         <input_file_ref idref="fl-a"/>
      </object_component>
      <object_component id="oc-4ae">
         <name>.debug_info</name>
         <load_address>0x7d43</load_address>
         <run_address>0x7d43</run_address>
         <size>0x28d</size>
         <input_file_ref idref="fl-b"/>
      </object_component>
      <object_component id="oc-4d2">
         <name>.debug_info</name>
         <load_address>0x7fd0</load_address>
         <run_address>0x7fd0</run_address>
         <size>0x193</size>
         <input_file_ref idref="fl-b"/>
      </object_component>
      <object_component id="oc-422">
         <name>.debug_info</name>
         <load_address>0x8163</load_address>
         <run_address>0x8163</run_address>
         <size>0x1df</size>
         <input_file_ref idref="fl-b"/>
      </object_component>
      <object_component id="oc-429">
         <name>.debug_info</name>
         <load_address>0x8342</load_address>
         <run_address>0x8342</run_address>
         <size>0x1e1</size>
         <input_file_ref idref="fl-b"/>
      </object_component>
      <object_component id="oc-42f">
         <name>.debug_info</name>
         <load_address>0x8523</load_address>
         <run_address>0x8523</run_address>
         <size>0x1ca</size>
         <input_file_ref idref="fl-b"/>
      </object_component>
      <object_component id="oc-3c1">
         <name>.debug_info</name>
         <load_address>0x86ed</load_address>
         <run_address>0x86ed</run_address>
         <size>0x1fe</size>
         <input_file_ref idref="fl-b"/>
      </object_component>
      <object_component id="oc-384">
         <name>.debug_info</name>
         <load_address>0x88eb</load_address>
         <run_address>0x88eb</run_address>
         <size>0x15a</size>
         <input_file_ref idref="fl-b"/>
      </object_component>
      <object_component id="oc-55e">
         <name>.debug_info</name>
         <load_address>0x8a45</load_address>
         <run_address>0x8a45</run_address>
         <size>0x10f</size>
         <input_file_ref idref="fl-c"/>
      </object_component>
[...]
         <name>__mspabi_func_epilog_2</name>
         <value>0xeefe</value>
         <object_component_ref idref="oc-bf"/>
      </symbol>
      <symbol id="sm-4ae">
         <name>__mspabi_func_epilog_3</name>
         <value>0xeefc</value>
         <object_component_ref idref="oc-bf"/>
      </symbol>
      <symbol id="sm-4af">
         <name>__mspabi_func_epilog_1</name>
         <value>0xef00</value>
         <object_component_ref idref="oc-bf"/>
      </symbol>
      <symbol id="sm-4b0">
         <name>__mspabi_func_epilog_6</name>
         <value>0xeef6</value>
         <object_component_ref idref="oc-bf"/>
      </symbol>
      <symbol id="sm-4b1">
         <name>__mspabi_func_epilog_7</name>
         <value>0xeef4</value>
         <object_component_ref idref="oc-bf"/>
      </symbol>
      <symbol id="sm-4b2">
         <name>__mspabi_func_epilog_4</name>
         <value>0xeefa</value>
         <object_component_ref idref="oc-bf"/>
      </symbol>
      <symbol id="sm-4b3">
         <name>__mspabi_func_epilog_5</name>
         <value>0xeef8</value>
         <object_component_ref idref="oc-bf"/>
      </symbol>
      <symbol id="sm-4ca">
         <name>__mspabi_mpyf</name>
         <value>0xdc44</value>
         <object_component_ref idref="oc-3d4"/>
      </symbol>
      <symbol id="sm-4dc">
         <name>__mspabi_fixfi</name>
         <value>0xe26e</value>
         <object_component_ref idref="oc-3d9"/>
      </symbol>
      <symbol id="sm-4e7">
         <name>__mspabi_fltuf</name>
         <value>0xecba</value>
         <object_component_ref idref="oc-3cf"/>
      </symbol>
      <symbol id="sm-4ea">
         <name>__TI_int00</name>
         <value>0xffe0</value>
         <object_component_ref idref="oc-40"/>
      </symbol>
      <symbol id="sm-4ed">
         <name>__TI_int02</name>
         <value>0xffe4</value>
         <object_component_ref idref="oc-41"/>
      </symbol>
      <symbol id="sm-4f0">
         <name>__TI_int03</name>
         <value>0xffe6</value>
         <object_component_ref idref="oc-42"/>
      </symbol>
      <symbol id="sm-4f3">
         <name>__TI_int05</name>
         <value>0xffea</value>
         <object_component_ref idref="oc-43"/>
      </symbol>
      <symbol id="sm-4f6">
         <name>__TI_int06</name>
         <value>0xffec</value>
         <object_component_ref idref="oc-44"/>
      </symbol>
      <symbol id="sm-4f9">
         <name>__TI_int09</name>
         <value>0xfff2</value>
         <object_component_ref idref="oc-47"/>
      </symbol>
      <symbol id="sm-4fc">
         <name>__TI_int11</name>
         <value>0xfff6</value>
         <object_component_ref idref="oc-49"/>
      </symbol>
      <symbol id="sm-4ff">
         <name>__TI_int12</name>
         <value>0xfff8</value>
         <object_component_ref idref="oc-4a"/>
      </symbol>
      <symbol id="sm-502">
         <name>__TI_int13</name>
         <value>0xfffa</value>
         <object_component_ref idref="oc-4b"/>
      </symbol>
      <symbol id="sm-505">
         <name>__TI_int14</name>
         <value>0xfffc</value>
         <object_component_ref idref="oc-4c"/>
      </symbol>
      <symbol id="sm-50d">
         <name>__TI_ISR_TRAP</name>
         <value>0xef50</value>
         <object_component_ref idref="oc-dc"/>
      </symbol>
      <symbol id="sm-515">
         <name>__mspabi_slli</name>
         <value>0xeb24</value>
         <object_component_ref idref="oc-b5"/>
      </symbol>
      <symbol id="sm-516">
         <name>__mspabi_slli_9</name>
         <value>0xeb3c</value>
         <object_component_ref idref="oc-b5"/>
      </symbol>
      <symbol id="sm-517">
         <name>__mspabi_slli_8</name>
         <value>0xeb3e</value>
         <object_component_ref idref="oc-b5"/>
      </symbol>
      <symbol id="sm-518">
         <name>__mspabi_slli_7</name>
         <value>0xeb40</value>
         <object_component_ref idref="oc-b5"/>
      </symbol>
      <symbol id="sm-519">
         <name>__mspabi_slli_6</name>
         <value>0xeb42</value>
         <object_component_ref idref="oc-b5"/>
      </symbol>
      <symbol id="sm-51a">
         <name>__mspabi_slli_5</name>
         <value>0xeb44</value>
         <object_component_ref idref="oc-b5"/>
      </symbol>
      <symbol id="sm-51b">
         <name>__mspabi_slli_4</name>
         <value>0xeb46</value>
         <object_component_ref idref="oc-b5"/>
      </symbol>
      <symbol id="sm-51c">
         <name>__mspabi_slli_3</name>
         <value>0xeb48</value>
         <object_component_ref idref="oc-b5"/>
      </symbol>
      <symbol id="sm-51d">
         <name>__mspabi_slli_2</name>
         <value>0xeb4a</value>
         <object_component_ref idref="oc-b5"/>
      </symbol>
      <symbol id="sm-51e">
         <name>__mspabi_slli_1</name>
         <value>0xeb4c</value>
         <object_component_ref idref="oc-b5"/>
      </symbol>
      <symbol id="sm-51f">
         <name>__mspabi_slli_15</name>
         <value>0xeb30</value>
         <object_component_ref idref="oc-b5"/>
      </symbol>
      <symbol id="sm-520">
         <name>__mspabi_slli_14</name>
         <value>0xeb32</value>
         <object_component_ref idref="oc-b5"/>
      </symbol>
      <symbol id="sm-521">
         <name>__mspabi_slli_13</name>
         <value>0xeb34</value>
         <object_component_ref idref="oc-b5"/>
      </symbol>
      <symbol id="sm-522">
         <name>__mspabi_slli_12</name>
         <value>0xeb36</value>
         <object_component_ref idref="oc-b5"/>
      </symbol>
      <symbol id="sm-523">
         <name>__mspabi_slli_11</name>
         <value>0xeb38</value>
         <object_component_ref idref="oc-b5"/>
      </symbol>
      <symbol id="sm-524">
         <name>__mspabi_slli_10</name>
         <value>0xeb3a</value>
         <object_component_ref idref="oc-b5"/>
      </symbol>
      <symbol id="sm-52c">
         <name>__mspabi_srli_8</name>
         <value>0xe538</value>
         <object_component_ref idref="oc-ba"/>
      </symbol>
      <symbol id="sm-52d">
         <name>__mspabi_srli_9</name>
         <value>0xe534</value>
         <object_component_ref idref="oc-ba"/>
      </symbol>
      <symbol id="sm-52e">
         <name>__mspabi_srli_6</name>
         <value>0xe540</value>
         <object_component_ref idref="oc-ba"/>
      </symbol>
      <symbol id="sm-52f">
         <name>__mspabi_srli_7</name>
         <value>0xe53c</value>
         <object_component_ref idref="oc-ba"/>
      </symbol>
      <symbol id="sm-530">
         <name>__mspabi_srli_4</name>
         <value>0xe548</value>
         <object_component_ref idref="oc-ba"/>
      </symbol>
      <symbol id="sm-531">
         <name>__mspabi_srli_5</name>
         <value>0xe544</value>
         <object_component_ref idref="oc-ba"/>
      </symbol>
      <symbol id="sm-532">
         <name>__mspabi_srli_2</name>
         <value>0xe550</value>
         <object_component_ref idref="oc-ba"/>
      </symbol>
      <symbol id="sm-533">
         <name>__mspabi_srli_3</name>
         <value>0xe54c</value>
         <object_component_ref idref="oc-ba"/>
      </symbol>
      <symbol id="sm-534">
         <name>__mspabi_srli_1</name>
         <value>0xe554</value>
         <object_component_ref idref="oc-ba"/>
      </symbol>
      <symbol id="sm-535">
         <name>__mspabi_srli</name>
         <value>0xe50e</value>
         <object_component_ref idref="oc-ba"/>
      </symbol>
      <symbol id="sm-536">
         <name>__mspabi_srli_15</name>
         <value>0xe51c</value>
         <object_component_ref idref="oc-ba"/>
      </symbol>
      <symbol id="sm-537">
         <name>__mspabi_srli_14</name>
         <value>0xe520</value>
         <object_component_ref idref="oc-ba"/>
      </symbol>
      <symbol id="sm-538">
         <name>__mspabi_srli_13</name>
         <value>0xe524</value>
         <object_component_ref idref="oc-ba"/>
      </symbol>
      <symbol id="sm-539">
         <name>__mspabi_srli_12</name>
         <value>0xe528</value>
         <object_component_ref idref="oc-ba"/>
      </symbol>
      <symbol id="sm-53a">
         <name>__mspabi_srli_11</name>
         <value>0xe52c</value>
         <object_component_ref idref="oc-ba"/>
      </symbol>
      <symbol id="sm-53b">
         <name>__mspabi_srli_10</name>
         <value>0xe530</value>
         <object_component_ref idref="oc-ba"/>
      </symbol>
      <symbol id="sm-545">
         <name>__mspabi_mpyi_sw</name>
         <value>0xee52</value>
         <object_component_ref idref="oc-38e"/>
      </symbol>
      <symbol id="sm-546">
         <name>__mspabi_mpyi</name>
         <value>0xee52</value>
         <object_component_ref idref="oc-38e"/>
      </symbol>
      <symbol id="sm-550">
         <name>__mspabi_mpyl_sw</name>
         <value>0xec94</value>
         <object_component_ref idref="oc-46d"/>
      </symbol>
      <symbol id="sm-551">
         <name>__mspabi_mpyl</name>
         <value>0xec94</value>
         <object_component_ref idref="oc-46d"/>
      </symbol>
      <symbol id="sm-561">
         <name>_stack</name>
         <value>0x3b0</value>
         <object_component_ref idref="oc-b1"/>
      </symbol>
      <symbol id="sm-562">
         <name>_c_int00_noargs</name>
         <value>0xed96</value>
         <object_component_ref idref="oc-105"/>
      </symbol>
      <symbol id="sm-563">
         <name>_reset_vector</name>
         <value>0xfffe</value>
         <object_component_ref idref="oc-b4"/>
      </symbol>
      <symbol id="sm-585">
         <name>__TI_auto_init_nobinit_nopinit</name>
         <value>0xe74c</value>
         <object_component_ref idref="oc-2bd"/>
      </symbol>
      <symbol id="sm-598">
         <name>__TI_zero_init_nomemset</name>
         <value>0xee2a</value>
         <object_component_ref idref="oc-f3"/>
      </symbol>
      <symbol id="sm-5a3">
         <name>_system_pre_init</name>
         <value>0xef70</value>
         <object_component_ref idref="oc-185"/>
      </symbol>
      <symbol id="sm-5ac">
         <name>_system_post_cinit</name>
         <value>0xef76</value>
         <object_component_ref idref="oc-447"/>
      </symbol>
      <symbol id="sm-5c2">
         <name>__TI_decompress_none</name>
         <value>0xeeae</value>
         <object_component_ref idref="oc-3a"/>
      </symbol>
      <symbol id="sm-5e5">
         <name>__TI_decompress_lzss</name>
         <value>0xe096</value>
         <object_component_ref idref="oc-34"/>
      </symbol>
      <symbol id="sm-61f">
         <name>__mspabi_addd</name>
         <value>0xc000</value>
         <object_component_ref idref="oc-15f"/>
      </symbol>
      <symbol id="sm-62c">
         <name>__mspabi_fixdi</name>
         <value>0xec46</value>
         <object_component_ref idref="oc-165"/>
      </symbol>
      <symbol id="sm-640">
         <name>__mspabi_fixdli</name>
         <value>0xe18c</value>
         <object_component_ref idref="oc-1de"/>
      </symbol>
      <symbol id="sm-649">
         <name>__mspabi_fltid</name>
         <value>0xef20</value>
         <object_component_ref idref="oc-153"/>
      </symbol>
      <symbol id="sm-660">
         <name>__mspabi_fltlid</name>
         <value>0xddbc</value>
         <object_component_ref idref="oc-1b7"/>
      </symbol>
      <symbol id="sm-669">
         <name>__mspabi_fltud</name>
         <value>0xef64</value>
         <object_component_ref idref="oc-3de"/>
      </symbol>
      <symbol id="sm-67e">
         <name>__mspabi_fltuld</name>
         <value>0xdf88</value>
         <object_component_ref idref="oc-4de"/>
      </symbol>
      <symbol id="sm-6a4">
         <name>__mspabi_mpyd</name>
         <value>0xc9f6</value>
         <object_component_ref idref="oc-159"/>
      </symbol>
      <symbol id="sm-6b9">
         <name>__mspabi_cvtdf</name>
         <value>0xdd08</value>
         <object_component_ref idref="oc-3e4"/>
      </symbol>
      <symbol id="sm-6c3">
         <name>C$$EXIT</name>
         <value>0xef6a</value>
         <object_component_ref idref="oc-2b1"/>
      </symbol>
      <symbol id="sm-6c4">
         <name>abort</name>
         <value>0xef6a</value>
         <object_component_ref idref="oc-2b1"/>
      </symbol>
      <symbol id="sm-6d4">
         <name>memcpy</name>
         <value>0xeed2</value>
         <object_component_ref idref="oc-cf"/>
      </symbol>
      <symbol id="sm-6e2">
         <name>memset</name>
         <value>0xee3e</value>
         <object_component_ref idref="oc-39d"/>
      </symbol>
      <symbol id="sm-6ef">
         <name>strlen</name>
         <value>0xef12</value>
         <object_component_ref idref="oc-32f"/>
      </symbol>
      <symbol id="sm-738">
         <name>__TI_printfi_minimal</name>
         <value>0xda8e</value>
         <object_component_ref idref="oc-1f4"/>
      </symbol>
      <symbol id="sm-740">
         <name>__mspabi_slll_9</name>
         <value>0xe7e6</value>
         <object_component_ref idref="oc-2f7"/>
      </symbol>
      <symbol id="sm-741">
         <name>__mspabi_slll_8</name>
         <value>0xe7ea</value>
         <object_component_ref idref="oc-2f7"/>
      </symbol>
      <symbol id="sm-742">
         <name>__mspabi_slll_7</name>
         <value>0xe7ee</value>
         <object_component_ref idref="oc-2f7"/>
      </symbol>
      <symbol id="sm-743">
         <name>__mspabi_slll_6</name>
         <value>0xe7f2</value>
         <object_component_ref idref="oc-2f7"/>
      </symbol>
      <symbol id="sm-744">
         <name>__mspabi_slll_5</name>
         <value>0xe7f6</value>
         <object_component_ref idref="oc-2f7"/>
      </symbol>
      <symbol id="sm-745">
         <name>__mspabi_slll_4</name>
         <value>0xe7fa</value>
         <object_component_ref idref="oc-2f7"/>
      </symbol>
      <symbol id="sm-746">
         <name>__mspabi_slll_3</name>
         <value>0xe7fe</value>
         <object_component_ref idref="oc-2f7"/>
      </symbol>
      <symbol id="sm-747">
         <name>__mspabi_slll_2</name>
         <value>0xe802</value>
         <object_component_ref idref="oc-2f7"/>
      </symbol>
      <symbol id="sm-748">
         <name>__mspabi_slll_1</name>
         <value>0xe806</value>
         <object_component_ref idref="oc-2f7"/>
      </symbol>
      <symbol id="sm-749">
         <name>__mspabi_slll_15</name>
         <value>0xe7ce</value>
         <object_component_ref idref="oc-2f7"/>
      </symbol>
      <symbol id="sm-74a">
         <name>__mspabi_slll_14</name>
         <value>0xe7d2</value>
         <object_component_ref idref="oc-2f7"/>
      </symbol>
      <symbol id="sm-74b">
         <name>__mspabi_slll_13</name>
         <value>0xe7d6</value>
         <object_component_ref idref="oc-2f7"/>
      </symbol>
      <symbol id="sm-74c">
         <name>__mspabi_slll_12</name>
         <value>0xe7da</value>
         <object_component_ref idref="oc-2f7"/>
      </symbol>
      <symbol id="sm-74d">
         <name>__mspabi_slll_11</name>
         <value>0xe7de</value>
         <object_component_ref idref="oc-2f7"/>
      </symbol>
      <symbol id="sm-74e">
         <name>__mspabi_slll_10</name>
         <value>0xe7e2</value>
         <object_component_ref idref="oc-2f7"/>
      </symbol>
      <symbol id="sm-75e">
         <name>__mspabi_srll_8</name>
         <value>0xe300</value>
         <object_component_ref idref="oc-2fc"/>
      </symbol>
      <symbol id="sm-75f">
         <name>__mspabi_srll_9</name>
         <value>0xe2fa</value>
         <object_component_ref idref="oc-2fc"/>
      </symbol>
      <symbol id="sm-760">
         <name>__mspabi_srll_6</name>
         <value>0xe30c</value>
         <object_component_ref idref="oc-2fc"/>
      </symbol>
      <symbol id="sm-761">
         <name>__mspabi_srll_7</name>
         <value>0xe306</value>
         <object_component_ref idref="oc-2fc"/>
      </symbol>
      <symbol id="sm-762">
         <name>__mspabi_srll_4</name>
         <value>0xe318</value>
         <object_component_ref idref="oc-2fc"/>
      </symbol>
      <symbol id="sm-763">
         <name>__mspabi_srll_5</name>
         <value>0xe312</value>
         <object_component_ref idref="oc-2fc"/>
      </symbol>
      <symbol id="sm-764">
         <name>__mspabi_srll_2</name>
         <value>0xe324</value>
         <object_component_ref idref="oc-2fc"/>
      </symbol>
      <symbol id="sm-765">
         <name>__mspabi_srll_3</name>
         <value>0xe31e</value>
         <object_component_ref idref="oc-2fc"/>
      </symbol>
      <symbol id="sm-766">
         <name>__mspabi_srll_1</name>
         <value>0xe32a</value>
         <object_component_ref idref="oc-2fc"/>
      </symbol>
      <symbol id="sm-767">
         <name>__mspabi_srll_15</name>
         <value>0xe2d6</value>
         <object_component_ref idref="oc-2fc"/>
      </symbol>
      <symbol id="sm-768">
         <name>__mspabi_srll_14</name>
         <value>0xe2dc</value>
         <object_component_ref idref="oc-2fc"/>
      </symbol>
      <symbol id="sm-769">
         <name>__mspabi_srll_13</name>
         <value>0xe2e2</value>
         <object_component_ref idref="oc-2fc"/>
      </symbol>
      <symbol id="sm-76a">
         <name>__mspabi_srll_12</name>
         <value>0xe2e8</value>
         <object_component_ref idref="oc-2fc"/>
      </symbol>
      <symbol id="sm-76b">
         <name>__mspabi_srll_11</name>
         <value>0xe2ee</value>
         <object_component_ref idref="oc-2fc"/>
      </symbol>
      <symbol id="sm-76c">
         <name>__mspabi_srll_10</name>
         <value>0xe2f4</value>
         <object_component_ref idref="oc-2fc"/>
      </symbol>
      <symbol id="sm-76d">
         <name>__mspabi_srll</name>
         <value>0xeec0</value>
         <object_component_ref idref="oc-31b"/>
      </symbol>
      <symbol id="sm-77b">
         <name>__mspabi_srall</name>
         <value>0xe5ee</value>
         <object_component_ref idref="oc-1d0"/>
      </symbol>
      <symbol id="sm-788">
         <name>__mspabi_sllll</name>
         <value>0xe6c6</value>
         <object_component_ref idref="oc-1d6"/>
      </symbol>
      <symbol id="sm-795">
         <name>__mspabi_srlll</name>
         <value>0xe680</value>
         <object_component_ref idref="oc-30e"/>
      </symbol>
      <symbol id="sm-7a0">
         <name>__TI_frcmpyd</name>
         <value>0xd270</value>
         <object_component_ref idref="oc-1c3"/>
      </symbol>
      <symbol id="sm-7af">
         <name>memccpy</name>
         <value>0xed00</value>
         <object_component_ref idref="oc-489"/>
      </symbol>
      <symbol id="sm-7b7">
         <name>__mspabi_mpyull_sw</name>
         <value>0xed40</value>
         <object_component_ref idref="oc-309"/>
      </symbol>
      <symbol id="sm-7b8">
         <name>__mspabi_mpyull</name>
         <value>0xed40</value>
         <object_component_ref idref="oc-309"/>
      </symbol>
      <symbol id="sm-7c0">
         <name>__mspabi_mpyll</name>
         <value>0xd766</value>
         <object_component_ref idref="oc-304"/>
      </symbol>
      <symbol id="sm-7c1">
         <name>__mspabi_mpyll_sw</name>
         <value>0xd766</value>
         <object_component_ref idref="oc-304"/>
      </symbol>
      <symbol id="sm-7cc">
         <name>__mspabi_mpyul_sw</name>
         <value>0xecde</value>
         <object_component_ref idref="oc-472"/>
      </symbol>
      <symbol id="sm-7cd">
         <name>__mspabi_mpyul</name>
         <value>0xecde</value>
         <object_component_ref idref="oc-472"/>
      </symbol>
      <symbol id="sm-7d0">
         <name>Monitor_Rec_Mode</name>
         <value>0xd87a</value>
      </symbol>
      <symbol id="sm-7d1">
         <name>Catch_the_egg</name>
         <value>0xe70a</value>
      </symbol>
      <symbol id="sm-7d2">
         <name>M_gui_clear_display</name>
         <value>0xe848</value>
      </symbol>
   </symbol_table>
   <title>Link successful</title>
</link_info>
